Archive member included because of file (symbol)

/opt/esp-open-sdk//sdk/lib/libmain.a(debug-vector.o)
                              (_DebugExceptionVector)
/opt/esp-open-sdk//sdk/lib/libmain.a(double-vector.o)
                              (_DoubleExceptionVector)
/opt/esp-open-sdk//sdk/lib/libmain.a(kernel-vector.o)
                              (_KernelExceptionVector)
/opt/esp-open-sdk//sdk/lib/libmain.a(nmi-vector.o)
                              (_NMIExceptionVector)
/opt/esp-open-sdk//sdk/lib/libmain.a(user-vector.o)
                              (_UserExceptionVector)
/opt/esp-open-sdk//sdk/lib/libmain.a(vector.o)
                              (call_user_start)
/opt/esp-open-sdk//sdk/lib/libmain.a(app_main.o)
                              /opt/esp-open-sdk//sdk/lib/libmain.a(nmi-vector.o) (NMI_Handler)
/opt/esp-open-sdk//sdk/lib/libmain.a(ets_timer.o)
                              /opt/esp-open-sdk//sdk/lib/libmain.a(app_main.o) (ets_timer_setfn)
/opt/esp-open-sdk//sdk/lib/libmain.a(mem_manager.o)
                              /opt/esp-open-sdk//sdk/lib/libmain.a(app_main.o) (pvPortMalloc)
/opt/esp-open-sdk//sdk/lib/libmain.a(spi_flash.o)
                              /opt/esp-open-sdk//sdk/lib/libmain.a(app_main.o) (spi_flash_read)
/opt/esp-open-sdk//sdk/lib/libmain.a(user_interface.o)
                              /opt/esp-open-sdk//sdk/lib/libmain.a(app_main.o) (done_cb)
/opt/esp-open-sdk//sdk/lib/libmain.a(eagle_lib.o)
                              /opt/esp-open-sdk//sdk/lib/libmain.a(user_interface.o) (ets_sprintf)
/opt/esp-open-sdk//sdk/lib/libmain.a(eagle_lwip_if.o)
                              /opt/esp-open-sdk//sdk/lib/libmain.a(user_interface.o) (hostname)
/opt/Sming/Sming//compiler/lib//libsming.a(user_main.o)
                              /opt/esp-open-sdk//sdk/lib/libmain.a(app_main.o) (user_init)
/opt/Sming/Sming//compiler/lib//libsming.a(System.o)
                              /opt/Sming/Sming//compiler/lib//libsming.a(user_main.o) (_ZN11SystemClass10initializeEv)
/opt/Sming/Sming//compiler/lib//libsming.a(esp_cplusplus.o)
                              /opt/Sming/Sming//compiler/lib//libsming.a(user_main.o) (cpp_core_initialize)
/opt/Sming/Sming//compiler/lib//libsming.a(m_printf.o)
                              /opt/Sming/Sming//compiler/lib//libsming.a(esp_cplusplus.o) (m_printf)
/opt/Sming/Sming//compiler/lib//libsming.a(IPAddress.o)
                              /opt/Sming/Sming//compiler/lib//libsming.a(user_main.o) (_ZN9IPAddressC1Ehhhh)
/opt/Sming/Sming//compiler/lib//libsming.a(WString.o)
                              /opt/Sming/Sming//compiler/lib//libsming.a(IPAddress.o) (_ZN6StringD1Ev)
/opt/Sming/Sming//compiler/lib//libsming.a(Print.o)
                              /opt/Sming/Sming//compiler/lib//libsming.a(IPAddress.o) (_ZN5Print5printEc)
/opt/Sming/Sming//compiler/lib//libsming.a(Interrupts.o)
                              /opt/Sming/Sming//compiler/lib//libsming.a(System.o) (_Z12noInterruptsv)
/opt/Sming/Sming//compiler/lib//libsming.a(Digital.o)
                              /opt/Sming/Sming//compiler/lib//libsming.a(Interrupts.o) (_Z7pinModeth)
/opt/Sming/Sming//compiler/lib//libsming.a(stringconversion.o)
                              /opt/Sming/Sming//compiler/lib//libsming.a(m_printf.o) (ltoa_w)
out/build/app_app.a(application.o)
                              /opt/Sming/Sming//compiler/lib//libsming.a(user_main.o) (_Z4initv)
/opt/Sming/Sming//compiler/lib//libmicroc.a(isspace.o)
                              /opt/Sming/Sming//compiler/lib//libsming.a(WString.o) (isspace)
/opt/Sming/Sming//compiler/lib//libmicroc.a(tolower.o)
                              /opt/Sming/Sming//compiler/lib//libsming.a(WString.o) (tolower)
/opt/Sming/Sming//compiler/lib//libmicroc.a(toupper.o)
                              /opt/Sming/Sming//compiler/lib//libsming.a(WString.o) (toupper)
/opt/Sming/Sming//compiler/lib//libmicroc.a(atof.o)
                              /opt/Sming/Sming//compiler/lib//libsming.a(WString.o) (atof)
/opt/Sming/Sming//compiler/lib//libmicroc.a(atoi.o)
                              /opt/Sming/Sming//compiler/lib//libsming.a(WString.o) (atoi)
/opt/Sming/Sming//compiler/lib//libmicroc.a(strtod.o)
                              /opt/Sming/Sming//compiler/lib//libmicroc.a(atof.o) (strtod)
/opt/Sming/Sming//compiler/lib//libmicroc.a(__fpclassify.o)
                              /opt/Sming/Sming//compiler/lib//libsming.a(Print.o) (__fpclassifyd)
/opt/Sming/Sming//compiler/lib//libmicroc.a(strchr.o)
                              /opt/Sming/Sming//compiler/lib//libsming.a(WString.o) (strchr)
/opt/Sming/Sming//compiler/lib//libmicroc.a(strrchr.o)
                              /opt/Sming/Sming//compiler/lib//libsming.a(WString.o) (strrchr)
/opt/Sming/Sming//compiler/lib//libmicroc.a(strchrnul.o)
                              /opt/Sming/Sming//compiler/lib//libmicroc.a(strchr.o) (__strchrnul)
/opt/Sming/Sming//compiler/lib//libmicroc.a(malloc.o)
[...]
Memory Configuration

Name             Origin             Length             Attributes
dport0_0_seg     0x000000003ff00000 0x0000000000000010
dram0_0_seg      0x000000003ffe8000 0x0000000000014000
iram1_0_seg      0x0000000040100000 0x0000000000008000
irom0_0_seg      0x0000000040209000 0x0000000000042000
*default*        0x0000000000000000 0xffffffffffffffff

Linker script and memory map

START GROUP
LOAD /opt/Sming/Sming//compiler/lib//libmicroc.a
LOAD /opt/Sming/Sming//compiler/lib//libmicrogcc.a
LOAD /opt/esp-open-sdk/xtensa-lx106-elf/xtensa-lx106-elf/sysroot/usr/lib/libhal.a
LOAD /opt/esp-open-sdk//sdk/lib/libphy.a
LOAD /opt/esp-open-sdk//sdk/lib/libpp.a
LOAD /opt/esp-open-sdk//sdk/lib/libnet80211.a
LOAD /opt/esp-open-sdk//sdk/lib/liblwip.a
LOAD /opt/esp-open-sdk//sdk/lib/libwpa.a
LOAD /opt/esp-open-sdk//sdk/lib/libmain.a
LOAD /opt/Sming/Sming//compiler/lib//libsming.a
LOAD /opt/esp-open-sdk//sdk/lib/libcrypto.a
LOAD /opt/esp-open-sdk//sdk/lib/libpwm.a
LOAD /opt/esp-open-sdk//sdk/lib/libsmartconfig.a
LOAD out/build/app_app.a
END GROUP
                0x0000000040000000                PROVIDE (_memmap_vecbase_reset, 0x40000000)
                0x0000000000000110                _memmap_cacheattr_wb_base = 0x110
                0x0000000000000110                _memmap_cacheattr_wt_base = 0x110
                0x0000000000000220                _memmap_cacheattr_bp_base = 0x220
                0x00000000fffff00f                _memmap_cacheattr_unused_mask = 0xfffff00f
                0x000000002222211f                _memmap_cacheattr_wb_trapnull = 0x2222211f
                0x000000002222211f                _memmap_cacheattr_wba_trapnull = 0x2222211f
                0x000000002222211f                _memmap_cacheattr_wbna_trapnull = 0x2222211f
                0x000000002222211f                _memmap_cacheattr_wt_trapnull = 0x2222211f
                0x000000002222222f                _memmap_cacheattr_bp_trapnull = 0x2222222f
                0x00000000fffff11f                _memmap_cacheattr_wb_strict = 0xfffff11f
                0x00000000fffff11f                _memmap_cacheattr_wt_strict = 0xfffff11f
                0x00000000fffff22f                _memmap_cacheattr_bp_strict = 0xfffff22f
                0x0000000022222112                _memmap_cacheattr_wb_allvalid = 0x22222112
                0x0000000022222112                _memmap_cacheattr_wt_allvalid = 0x22222112
                0x0000000022222222                _memmap_cacheattr_bp_allvalid = 0x22222222
                0x000000002222211f                PROVIDE (_memmap_cacheattr_reset, _memmap_cacheattr_wb_trapnull)

.dport0.rodata  0x000000003ff00000        0x0
                0x000000003ff00000                _dport0_rodata_start = ABSOLUTE (.)
 *(.dport0.rodata)
 *(.dport.rodata)
                0x000000003ff00000                _dport0_rodata_end = ABSOLUTE (.)

.dport0.literal
                0x000000003ff00000        0x0
                0x000000003ff00000                _dport0_literal_start = ABSOLUTE (.)
 *(.dport0.literal)
 *(.dport.literal)
                0x000000003ff00000                _dport0_literal_end = ABSOLUTE (.)

.dport0.data    0x000000003ff00000        0x0
                0x000000003ff00000                _dport0_data_start = ABSOLUTE (.)
 *(.dport0.data)
 *(.dport.data)
                0x000000003ff00000                _dport0_data_end = ABSOLUTE (.)

.data           0x000000003ffe8000      0x784
                0x000000003ffe8000                _data_start = ABSOLUTE (.)
 *(.data)
 .data          0x000000003ffe8000        0x4 /opt/esp-open-sdk//sdk/lib/libmain.a(nmi-vector.o)
                0x000000003ffe8000                _Pri_3_HandlerAddress
 .data          0x000000003ffe8004        0x1 /opt/esp-open-sdk//sdk/lib/libmain.a(app_main.o)
 *fill*         0x000000003ffe8005        0x3 
 .data          0x000000003ffe8008        0x6 /opt/esp-open-sdk//sdk/lib/libmain.a(user_interface.o)
                0x000000003ffe8009                timer2_ms_flag
                0x000000003ffe800a                dhcps_flag
                0x000000003ffe800b                dhcpc_flag
                0x000000003ffe800d                reconnect_internal
 *fill*         0x000000003ffe800e        0x2 
 .data          0x000000003ffe8010        0x1 /opt/esp-open-sdk//sdk/lib/libmain.a(eagle_lwip_if.o)
                0x000000003ffe8010                default_hostname
 *fill*         0x000000003ffe8011        0xf 
 .data          0x000000003ffe8020       0x53 /opt/esp-open-sdk//sdk/lib/libphy.a(phy_chip_v6.o)
                0x000000003ffe8022                tx_rf_ana_gain
                0x000000003ffe8050                rx_gain_swp
                0x000000003ffe8070                test_rffreq_txcap
 *fill*         0x000000003ffe8073        0x1 
 .data          0x000000003ffe8074        0x4 /opt/esp-open-sdk//sdk/lib/libphy.a(phy_sleep.o)
                0x000000003ffe8074                chip_version
 .data          0x000000003ffe8078        0x1 /opt/esp-open-sdk//sdk/lib/libpp.a(pm.o)
 *fill*         0x000000003ffe8079        0x3 
 .data          0x000000003ffe807c        0x1 /opt/esp-open-sdk//sdk/lib/libpp.a(pm_for_bcn_only_mode.o)
 *fill*         0x000000003ffe807d        0x3 
 .data          0x000000003ffe8080       0x1c /opt/esp-open-sdk//sdk/lib/libpp.a(pp.o)
                0x000000003ffe8080                soft_wdt_interval
                0x000000003ffe8084                NoiseTimerInterval
                0x000000003ffe808c                sleep_start_wait_time
                0x000000003ffe8094                CanDoFreqCal
                0x000000003ffe8098                tcb
 *fill*         0x000000003ffe809c        0x4 
 .data          0x000000003ffe80a0       0x40 /opt/esp-open-sdk//sdk/lib/libpp.a(rate_control.o)
 .data          0x000000003ffe80e0      0x24c /opt/esp-open-sdk//sdk/lib/libpp.a(trc.o)
 .data          0x000000003ffe832c        0x8 /opt/esp-open-sdk//sdk/lib/libpp.a(wdev.o)
 .data          0x000000003ffe8334        0x1 /opt/esp-open-sdk//sdk/lib/libnet80211.a(ieee80211_hostap.o)
                0x000000003ffe8334                TmpSTAAPCloseAP
 *fill*         0x000000003ffe8335        0x3 
 .data          0x000000003ffe8338        0x1 /opt/esp-open-sdk//sdk/lib/libnet80211.a(wl_cnx.o)
 *fill*         0x000000003ffe8339        0x7 
 .data          0x000000003ffe8340       0x1c /opt/esp-open-sdk//sdk/lib/libnet80211.a(ieee80211_action.o)
 .data          0x000000003ffe835c        0x4 /opt/esp-open-sdk//sdk/lib/liblwip.a(dhcp.o)
 .data          0x000000003ffe8360        0x5 /opt/esp-open-sdk//sdk/lib/liblwip.a(dhcpserver.o)
                0x000000003ffe8360                dhcps_lease_time
 *fill*         0x000000003ffe8365        0x3 
 .data          0x000000003ffe8368        0x8 /opt/esp-open-sdk//sdk/lib/liblwip.a(tcp.o)
 *(.data.*)
 .data.cbc_printchar
                0x000000003ffe8370        0x4 /opt/Sming/Sming//compiler/lib//libsming.a(m_printf.o)
                0x000000003ffe8370                cbc_printchar
 .data._ZZN16Adafruit_SSD130621drawFastVLineInternalEssstE8postmask
                0x000000003ffe8374        0x8 /opt/Sming/Sming//compiler/lib//libsming.a(Adafruit_SSD1306.o)
                0x000000003ffe8374                _ZZN16Adafruit_SSD130621drawFastVLineInternalEssstE8postmask
 .data._ZZN16Adafruit_SSD130621drawFastVLineInternalEssstE7premask
                0x000000003ffe837c        0x8 /opt/Sming/Sming//compiler/lib//libsming.a(Adafruit_SSD1306.o)
                0x000000003ffe837c                _ZZN16Adafruit_SSD130621drawFastVLineInternalEssstE7premask
 .data._ZL6buffer
                0x000000003ffe8384      0x400 /opt/Sming/Sming//compiler/lib//libsming.a(Adafruit_SSD1306.o)
 *(.gnu.linkonce.d.*)
 *(.data1)
 *(.sdata)
 *(.sdata.*)
 *(.gnu.linkonce.s.*)
 *(.sdata2)
 *(.sdata2.*)
 *(.gnu.linkonce.s2.*)
 *(.jcr)
                0x000000003ffe8784                _data_end = ABSOLUTE (.)

.rodata         0x000000003ffe8788     0x105c
                0x000000003ffe8788                _rodata_start = ABSOLUTE (.)
 *(.sdk.version)
 .sdk.version   0x000000003ffe8788        0x6 /opt/esp-open-sdk//sdk/lib/libmain.a(app_main.o)
                0x000000003ffe8788                SDK_VERSION
 *(.rodata)
 *fill*         0x000000003ffe878e        0x2 
 .rodata        0x000000003ffe8790        0x8 /opt/esp-open-sdk//sdk/lib/libphy.a(phy_chip_v6.o)
 .rodata        0x000000003ffe8798        0x4 /opt/esp-open-sdk//sdk/lib/libpp.a(pp.o)
 .rodata        0x000000003ffe879c        0x8 /opt/esp-open-sdk//sdk/lib/libnet80211.a(ieee80211_hostap.o)
 .rodata        0x000000003ffe87a4        0x6 /opt/esp-open-sdk//sdk/lib/liblwip.a(etharp.o)
                0x000000003ffe87a4                ethbroadcast
 *(.rodata.*)
 *fill*         0x000000003ffe87aa        0x2 
 .rodata.str1.4
                0x000000003ffe87ac        0xc /opt/esp-open-sdk//sdk/lib/libmain.a(app_main.o)
 .rodata.str1.4
                0x000000003ffe87b8        0x4 /opt/esp-open-sdk//sdk/lib/libmain.a(ets_timer.o)
                                          0xc (size before relaxing)
 .rodata.str1.4
                0x000000003ffe87bc       0x1a /opt/esp-open-sdk//sdk/lib/libmain.a(mem_manager.o)
 *fill*         0x000000003ffe87d6        0x2 
 .rodata._ZL14EspDigitalPins
                0x000000003ffe87d8       0xc0 /opt/Sming/Sming//compiler/lib//libsming.a(user_main.o)
 .rodata._ZTV6VectorI8DelegateIFvvEEE
                0x000000003ffe8898       0x1c /opt/Sming/Sming//compiler/lib//libsming.a(System.o)
                0x000000003ffe8898                _ZTV6VectorI8DelegateIFvvEEE
 *fill*         0x000000003ffe88b4        0x4 
 .rodata._ZTV6VectorIP19ISystemReadyHandlerE
                0x000000003ffe88b8       0x1c /opt/Sming/Sming//compiler/lib//libsming.a(System.o)
                0x000000003ffe88b8                _ZTV6VectorIP19ISystemReadyHandlerE
 .rodata.str1.1
                0x000000003ffe88d4       0x41 /opt/Sming/Sming//compiler/lib//libsming.a(esp_cplusplus.o)
 *fill*         0x000000003ffe8915        0x3 
 .rodata._ZTV9IPAddress
                0x000000003ffe8918        0xc /opt/Sming/Sming//compiler/lib//libsming.a(IPAddress.o)
                0x000000003ffe8918                _ZTV9IPAddress
 .rodata.str1.1
                0x0000000000000000       0x41 /opt/Sming/Sming//compiler/lib//libsming.a(WString.o)
                                          0x1 (size before relaxing)
 .rodata.str1.1
                0x000000003ffe8924       0x23 /opt/Sming/Sming//compiler/lib//libsming.a(Digital.o)
 *fill*         0x000000003ffe8947        0x1 
 .rodata._ZL14EspDigitalPins
                0x000000003ffe8948       0xc0 /opt/Sming/Sming//compiler/lib//libsming.a(Digital.o)
 .rodata.str1.1
                0x000000003ffe8a08       0x21 /opt/Sming/Sming//compiler/lib//libsming.a(stringconversion.o)
 .rodata.str1.1
                0x000000003ffe8a29       0x35 out/build/app_app.a(application.o)
 *fill*         0x000000003ffe8a5e        0x2 
 .rodata._ZTV15IDelegateCallerIvIEE
                0x000000003ffe8a60       0x14 out/build/app_app.a(application.o)
                0x000000003ffe8a60                _ZTV15IDelegateCallerIvIEE
 *fill*         0x000000003ffe8a74        0x4 
 .rodata._ZTV14FunctionCallerIPFvvEvIEE
                0x000000003ffe8a78       0x14 out/build/app_app.a(application.o)
                0x000000003ffe8a78                _ZTV14FunctionCallerIPFvvEvIEE
 .rodata.str1.1
                0x000000003ffe8a8c        0xc /opt/Sming/Sming//compiler/lib//libmicroc.a(abort.o)
 .rodata.str1.4
                0x000000003ffe8a98        0x4 /opt/esp-open-sdk//sdk/lib/libpp.a(lmac.o)
                                          0xc (size before relaxing)
 .rodata.str1.4
                0x000000003ffe8a9c        0x4 /opt/esp-open-sdk//sdk/lib/libpp.a(pm_for_bcn_only_mode.o)
                                          0xc (size before relaxing)
 .rodata.str1.4
                0x000000003ffe8aa0        0x8 /opt/esp-open-sdk//sdk/lib/libpp.a(pp.o)
                                         0x10 (size before relaxing)
 .rodata.str1.4
                0x000000003ffe8aa8        0x4 /opt/esp-open-sdk//sdk/lib/libpp.a(wdev.o)
                                          0xc (size before relaxing)
 .rodata.str1.4
                0x000000003ffe8aac        0x3 /opt/esp-open-sdk//sdk/lib/libnet80211.a(ieee80211_hostap.o)
                                          0x8 (size before relaxing)
 *fill*         0x000000003ffe8aaf        0x1 
 .rodata.str1.4
                0x000000003ffe8ab0        0x7 /opt/esp-open-sdk//sdk/lib/libnet80211.a(ieee80211_mesh_quick.o)
 .rodata.str1.4
                0x0000000000000000        0x4 /opt/esp-open-sdk//sdk/lib/libnet80211.a(ieee80211_sta.o)
 .rodata.str1.4
                0x0000000000000000        0x4 /opt/esp-open-sdk//sdk/lib/libnet80211.a(ieee80211_action_vendor.o)
 .rodata.str1.4
                0x0000000000000000        0x4 /opt/esp-open-sdk//sdk/lib/libnet80211.a(ieee80211_ie_vendor.o)
 *fill*         0x000000003ffe8ab7        0x1 
 .rodata.str1.4
                0x000000003ffe8ab8        0x4 /opt/esp-open-sdk//sdk/lib/liblwip.a(espconn_tcp.o)
                                          0x1 (size before relaxing)
 .rodata.str1.1
                0x000000003ffe8abc      0x159 /opt/Sming/Sming//compiler/lib//libsming.a(spiffs_sming.o)
                                        0x165 (size before relaxing)
 *fill*         0x000000003ffe8c15        0x3 
 .rodata._ZTV7TwoWire
                0x000000003ffe8c18       0x28 /opt/Sming/Sming//compiler/lib//libsming.a(Wire.o)
                0x000000003ffe8c18                _ZTV7TwoWire
 .rodata.str1.1
                0x0000000000000000      0x159 /opt/Sming/Sming//compiler/lib//libsming.a(HardwareSerial.o)
                                          0x4 (size before relaxing)
 .rodata._ZTV14HardwareSerial
                0x000000003ffe8c40       0x20 /opt/Sming/Sming//compiler/lib//libsming.a(HardwareSerial.o)
                0x000000003ffe8c40                _ZTV14HardwareSerial
 .rodata.str1.1
                0x000000003ffe8c60      0x279 /opt/Sming/Sming//compiler/lib//libsming.a(Station.o)
                                        0x283 (size before relaxing)
 *fill*         0x000000003ffe8ed9        0x7 
 .rodata._ZTV19ISystemReadyHandler
                0x000000003ffe8ee0       0x14 /opt/Sming/Sming//compiler/lib//libsming.a(Station.o)
                0x000000003ffe8ee0                _ZTV19ISystemReadyHandler
 *fill*         0x000000003ffe8ef4        0x4 
 .rodata._ZTV12StationClass
                0x000000003ffe8ef8       0x14 /opt/Sming/Sming//compiler/lib//libsming.a(Station.o)
                0x000000003ffe8ef8                _ZTV12StationClass
 *fill*         0x000000003ffe8f0c        0x4 
 .rodata._ZTV6VectorI7BssInfoE
                0x000000003ffe8f10       0x1c /opt/Sming/Sming//compiler/lib//libsming.a(Station.o)
                0x000000003ffe8f10                _ZTV6VectorI7BssInfoE
 .rodata.str1.1
                0x000000003ffe8f2c       0xf7 /opt/Sming/Sming//compiler/lib//libsming.a(CommandExecutor.o)
                                         0xf8 (size before relaxing)
 .rodata.str1.1
                0x000000003ffe9023       0xa2 /opt/Sming/Sming//compiler/lib//libsming.a(JPEGDecoder.o)
                                         0xa8 (size before relaxing)
 *fill*         0x000000003ffe90c5        0x3 
 .rodata._ZTV6VectorI6StringE
                0x000000003ffe90c8       0x1c /opt/Sming/Sming//compiler/lib//libsming.a(JPEGDecoder.o)
                0x000000003ffe90c8                _ZTV6VectorI6StringE
 *fill*         0x000000003ffe90e4        0x4 
 .rodata._ZTV16Adafruit_SSD1306
                0x000000003ffe90e8       0x30 /opt/Sming/Sming//compiler/lib//libsming.a(Adafruit_SSD1306.o)
                0x000000003ffe90e8                _ZTV16Adafruit_SSD1306
 .rodata._ZTV12Adafruit_GFX
                0x000000003ffe9118       0x30 /opt/Sming/Sming//compiler/lib//libsming.a(Adafruit_GFX.o)
                0x000000003ffe9118                _ZTV12Adafruit_GFX
 .rodata.str1.1
                0x000000003ffe9148       0x59 /opt/Sming/Sming//compiler/lib//libsming.a(flashmem.o)
 *fill*         0x000000003ffe91a1        0x3 
 .rodata.CSWTCH$10
                0x000000003ffe91a4       0x14 /opt/Sming/Sming//compiler/lib//libsming.a(flashmem.o)
 .rodata.pjpeg_decode_mcu
                0x000000003ffe91b8       0x58 /opt/Sming/Sming//compiler/lib//libsming.a(picojpeg.o)
 .rodata.CSWTCH$263
                0x000000003ffe9210       0x10 /opt/Sming/Sming//compiler/lib//libsming.a(picojpeg.o)
 .rodata.CSWTCH$261
                0x000000003ffe9220       0x10 /opt/Sming/Sming//compiler/lib//libsming.a(picojpeg.o)
 .rodata.CSWTCH$256
                0x000000003ffe9230       0x1e /opt/Sming/Sming//compiler/lib//libsming.a(picojpeg.o)
 .rodata.CSWTCH$254
                0x000000003ffe924e       0x1e /opt/Sming/Sming//compiler/lib//libsming.a(picojpeg.o)
 .rodata.gWinogradQuant
                0x000000003ffe926c       0x40 /opt/Sming/Sming//compiler/lib//libsming.a(picojpeg.o)
                0x000000003ffe926c                gWinogradQuant
 .rodata.ZAG    0x000000003ffe92ac       0x40 /opt/Sming/Sming//compiler/lib//libsming.a(picojpeg.o)
 *fill*         0x000000003ffe92ec        0x4 
 .rodata._ZTV13SoftI2cMaster
                0x000000003ffe92f0       0x1c /opt/Sming/Sming//compiler/lib//libsming.a(I2cMaster.o)
                0x000000003ffe92f0                _ZTV13SoftI2cMaster
 .rodata.str1.1
                0x000000003ffe930c       0x36 /opt/Sming/Sming//compiler/lib//libsming.a(FileSystem.o)
                                         0x37 (size before relaxing)
 .rodata.str1.1
                0x000000003ffe9342       0x20 /opt/Sming/Sming//compiler/lib//libsming.a(SPI.o)
 .rodata.str1.1
                0x000000003ffe9362      0x3b3 /opt/Sming/Sming//compiler/lib//libsming.a(CommandHandler.o)
                                        0x3bb (size before relaxing)
 .rodata.str1.1
                0x0000000000000000        0x1 /opt/Sming/Sming//compiler/lib//libsming.a(CommandDelegate.o)
 *fill*         0x000000003ffe9715        0x3 
 .rodata._ZTV8WDTClass
                0x000000003ffe9718       0x14 /opt/Sming/Sming//compiler/lib//libsming.a(WDT.o)
                0x000000003ffe9718                _ZTV8WDTClass
 *(.gnu.linkonce.r.*)
 *(.rodata1)
                0x000000003ffe972c                __XT_EXCEPTION_TABLE__ = ABSOLUTE (.)
 *(.xt_except_table)
 *(.gcc_except_table)
 *(.gnu.linkonce.e.*)
 *(.gnu.version_r)
 *(.eh_frame)
                0x000000003ffe972c                . = ((. + 0x3) & 0xfffffffffffffffc)
                0x000000003ffe972c                __dso_handle = ABSOLUTE (.)
                0x000000003ffe972c                __init_array_start = ABSOLUTE (.)
 *crtbegin.o(.ctors)
 *(EXCLUDE_FILE(*crtend.o) .ctors)
 .ctors         0x000000003ffe972c        0x4 /opt/Sming/Sming//compiler/lib//libsming.a(user_main.o)
 .ctors         0x000000003ffe9730        0x4 /opt/Sming/Sming//compiler/lib//libsming.a(System.o)
 .ctors         0x000000003ffe9734        0x4 /opt/Sming/Sming//compiler/lib//libsming.a(m_printf.o)
 .ctors         0x000000003ffe9738        0x4 /opt/Sming/Sming//compiler/lib//libsming.a(IPAddress.o)
 .ctors         0x000000003ffe973c        0x4 /opt/Sming/Sming//compiler/lib//libsming.a(WString.o)
 .ctors         0x000000003ffe9740        0x4 /opt/Sming/Sming//compiler/lib//libsming.a(Print.o)
 .ctors         0x000000003ffe9744        0x4 /opt/Sming/Sming//compiler/lib//libsming.a(Interrupts.o)
 .ctors         0x000000003ffe9748        0x4 /opt/Sming/Sming//compiler/lib//libsming.a(Digital.o)
 .ctors         0x000000003ffe974c        0x4 out/build/app_app.a(application.o)
 .ctors         0x000000003ffe9750        0x4 /opt/Sming/Sming//compiler/lib//libsming.a(Wire.o)
 .ctors         0x000000003ffe9754        0x4 /opt/Sming/Sming//compiler/lib//libsming.a(HardwareSerial.o)
 .ctors         0x000000003ffe9758        0x4 /opt/Sming/Sming//compiler/lib//libsming.a(Station.o)
 .ctors         0x000000003ffe975c        0x4 /opt/Sming/Sming//compiler/lib//libsming.a(CommandExecutor.o)
 .ctors         0x000000003ffe9760        0x4 /opt/Sming/Sming//compiler/lib//libsming.a(JPEGDecoder.o)
 .ctors         0x000000003ffe9764        0x4 /opt/Sming/Sming//compiler/lib//libsming.a(Adafruit_SSD1306.o)
 .ctors         0x000000003ffe9768        0x4 /opt/Sming/Sming//compiler/lib//libsming.a(Adafruit_GFX.o)
 .ctors         0x000000003ffe976c        0x4 /opt/Sming/Sming//compiler/lib//libsming.a(I2cMaster.o)
 .ctors         0x000000003ffe9770        0x4 /opt/Sming/Sming//compiler/lib//libsming.a(Clock.o)
 .ctors         0x000000003ffe9774        0x4 /opt/Sming/Sming//compiler/lib//libsming.a(SPI.o)
 .ctors         0x000000003ffe9778        0x4 /opt/Sming/Sming//compiler/lib//libsming.a(WebSocket.o)
 .ctors         0x000000003ffe977c        0x4 /opt/Sming/Sming//compiler/lib//libsming.a(HttpResponse.o)
 .ctors         0x000000003ffe9780        0x4 /opt/Sming/Sming//compiler/lib//libsming.a(TcpConnection.o)
 .ctors         0x000000003ffe9784        0x4 /opt/Sming/Sming//compiler/lib//libsming.a(HttpRequest.o)
 .ctors         0x000000003ffe9788        0x4 /opt/Sming/Sming//compiler/lib//libsming.a(CommandHandler.o)
 .ctors         0x000000003ffe978c        0x4 /opt/Sming/Sming//compiler/lib//libsming.a(CommandOutput.o)
 .ctors         0x000000003ffe9790        0x4 /opt/Sming/Sming//compiler/lib//libsming.a(CommandDelegate.o)
 .ctors         0x000000003ffe9794        0x4 /opt/Sming/Sming//compiler/lib//libsming.a(DataSourceStream.o)
 .ctors         0x000000003ffe9798        0x4 /opt/Sming/Sming//compiler/lib//libsming.a(SystemClock.o)
 .ctors         0x000000003ffe979c        0x4 /opt/Sming/Sming//compiler/lib//libsming.a(RTC.o)
 .ctors         0x000000003ffe97a0        0x4 /opt/Sming/Sming//compiler/lib//libsming.a(WDT.o)
 .ctors         0x000000003ffe97a4        0x4 /opt/Sming/Sming//compiler/lib//libsming.a(HttpServer.o)
 .ctors         0x000000003ffe97a8        0x4 /opt/Sming/Sming//compiler/lib//libsming.a(HttpServerConnection.o)
 .ctors         0x000000003ffe97ac        0x4 /opt/Sming/Sming//compiler/lib//libsming.a(DateTime.o)
 .ctors         0x000000003ffe97b0        0x4 /opt/Sming/Sming//compiler/lib//libsming.a(ArduinoJson.o)
 .ctors         0x000000003ffe97b4        0x4 /opt/Sming/Sming//compiler/lib//libsming.a(TcpServer.o)
 .ctors         0x000000003ffe97b8        0x4 /opt/Sming/Sming//compiler/lib//libsming.a(TcpClient.o)
 *(SORT(.ctors.*))
 *(.ctors)
                0x000000003ffe97bc                __init_array_end = ABSOLUTE (.)
 *crtbegin.o(.dtors)
 *(EXCLUDE_FILE(*crtend.o) .dtors)
 .dtors         0x000000003ffe97bc        0x4 /opt/Sming/Sming//compiler/lib//libsming.a(System.o)
 .dtors         0x000000003ffe97c0        0x4 /opt/Sming/Sming//compiler/lib//libsming.a(Interrupts.o)
 .dtors         0x000000003ffe97c4        0x4 /opt/Sming/Sming//compiler/lib//libsming.a(Wire.o)
 .dtors         0x000000003ffe97c8        0x4 /opt/Sming/Sming//compiler/lib//libsming.a(HardwareSerial.o)
 .dtors         0x000000003ffe97cc        0x4 /opt/Sming/Sming//compiler/lib//libsming.a(Station.o)
 .dtors         0x000000003ffe97d0        0x4 /opt/Sming/Sming//compiler/lib//libsming.a(JPEGDecoder.o)
 .dtors         0x000000003ffe97d4        0x4 /opt/Sming/Sming//compiler/lib//libsming.a(CommandHandler.o)
 .dtors         0x000000003ffe97d8        0x4 /opt/Sming/Sming//compiler/lib//libsming.a(WDT.o)
 *(SORT(.dtors.*))
 *(.dtors)
                0x000000003ffe97dc                __XT_EXCEPTION_DESCS__ = ABSOLUTE (.)
 *(.xt_except_desc)
 *(.gnu.linkonce.h.*)
                0x000000003ffe97dc                __XT_EXCEPTION_DESCS_END__ = ABSOLUTE (.)
 *(.xt_except_desc_end)
 *(.dynamic)
 *(.gnu.version_d)
                0x000000003ffe97dc                . = ALIGN (0x4)
                0x000000003ffe97dc                _bss_table_start = ABSOLUTE (.)
                0x000000003ffe97dc        0x4 LONG 0x3ffe97e8 _bss_start
                0x000000003ffe97e0        0x4 LONG 0x3fff1808 _bss_end
                0x000000003ffe97e4                _bss_table_end = ABSOLUTE (.)
                0x000000003ffe97e4                _rodata_end = ABSOLUTE (.)

.bss            0x000000003ffe97e8     0x8020
                0x000000003ffe97e8                . = ALIGN (0x8)
                0x000000003ffe97e8                _bss_start = ABSOLUTE (.)
 *(.dynsbss)
 *(.sbss)
 *(.sbss.*)
 *(.gnu.linkonce.sb.*)
 *(.scommon)
 *(.sbss2)
 *(.sbss2.*)
 *(.gnu.linkonce.sb2.*)
 *(.dynbss)
 *(.bss)
 *fill*         0x000000003ffe97e8        0x8 
 .bss           0x000000003ffe97f0      0x1c0 /opt/esp-open-sdk//sdk/lib/libmain.a(nmi-vector.o)
 .bss           0x000000003ffe99b0       0x41 /opt/esp-open-sdk//sdk/lib/libmain.a(app_main.o)
                0x000000003ffe99b4                info
                0x000000003ffe99d8                lwip_timer_interval
                0x000000003ffe99dc                check_timeouts_timer
                0x000000003ffe99f0                user_init_flag
 *fill*         0x000000003ffe99f1        0xf 
 .bss           0x000000003ffe9a00       0x30 /opt/esp-open-sdk//sdk/lib/libmain.a(ets_timer.o)
                0x000000003ffe9a00                timer_list
                0x000000003ffe9a04                debug_timer
                0x000000003ffe9a08                debug_timerfn
 .bss           0x000000003ffe9a30       0x34 /opt/esp-open-sdk//sdk/lib/libmain.a(mem_manager.o)
 .bss           0x000000003ffe9a64        0x4 /opt/esp-open-sdk//sdk/lib/libmain.a(spi_flash.o)
                0x000000003ffe9a64                flash_read
 *fill*         0x000000003ffe9a68        0x8 
 .bss           0x000000003ffe9a70      0x242 /opt/esp-open-sdk//sdk/lib/libmain.a(user_interface.o)
                0x000000003ffe9b67                deep_sleep_flag
                0x000000003ffe9b68                cpu_overclock
                0x000000003ffe9b6c                event_cb
                0x000000003ffe9b70                status_led_output_level
                0x000000003ffe9b74                done_cb
                0x000000003ffe9b78                rst_if
                0x000000003ffe9b94                default_interface
                0x000000003ffe9b95                OpmodChgIsOnGoing
                0x000000003ffe9b98                promiscuous_cb
                0x000000003ffe9bb0                event_TaskQueue
 *fill*         0x000000003ffe9cb2        0x2 
 .bss           0x000000003ffe9cb4        0xc /opt/esp-open-sdk//sdk/lib/libmain.a(eagle_lwip_if.o)
                0x000000003ffe9cb4                hostname
 .bss           0x000000003ffe9cc0        0x4 /opt/esp-open-sdk//sdk/lib/libphy.a(phy.o)
 .bss           0x000000003ffe9cc4        0x2 /opt/esp-open-sdk//sdk/lib/libphy.a(phy_chip_v6_ana.o)
                0x000000003ffe9cc4                tout_dis_txpwr_track
                0x000000003ffe9cc5                sleep_mode_flag
 *fill*         0x000000003ffe9cc6        0x2 
 .bss           0x000000003ffe9cc8      0x160 /opt/esp-open-sdk//sdk/lib/libphy.a(phy_chip_v6.o)
                0x000000003ffe9cc8                g_phyFuns
                0x000000003ffe9ccc                rxiq_compute_num
                0x000000003ffe9cd0                rx_table_renew_en
                0x000000003ffe9cd4                check_result
                0x000000003ffe9cd8                chip6_sleep_params
                0x000000003ffe9d6c                chip6_phy_init_ctrl
                0x000000003ffe9de0                phy_freq_offset
                0x000000003ffe9de2                do_pwctrl_flag
                0x000000003ffe9de3                pwctrl_debug
                0x000000003ffe9de4                txbk_dpdby_flag
                0x000000003ffe9de6                sw_scan_mode
                0x000000003ffe9de7                rxmax_ext_level
                0x000000003ffe9de8                phy_rx_gain_dc_table
                0x000000003ffe9dfc                periodic_cal_dc_num
                0x000000003ffe9e00                periodic_cal_flag
                0x000000003ffe9e01                bbpll_cal_flag
                0x000000003ffe9e02                phy_in_most_power
                0x000000003ffe9e03                init_rf_no_cal
                0x000000003ffe9e04                test_print_time
                0x000000003ffe9e08                phy_rx_gain_dc_flag
                0x000000003ffe9e09                phy_in_vdd33_offset
                0x000000003ffe9e0a                phy_set_most_tpw_disbg
                0x000000003ffe9e0b                phy_set_most_tpw_index
                0x000000003ffe9e0c                adc_rand_noise
                0x000000003ffe9e10                dpd_bypass_original
                0x000000003ffe9e18                noise_array
 .bss           0x000000003ffe9e28        0x8 /opt/esp-open-sdk//sdk/lib/libphy.a(phy_chip_v6_cal.o)
                0x000000003ffe9e28                phy_tx_power_out
                0x000000003ffe9e2a                loop_pwctrl_pwdet_error_accum_high_power
                0x000000003ffe9e2c                tx_pwctrl_pk_num
                0x000000003ffe9e2d                tx_pwctrl_track_num
                0x000000003ffe9e2e                loop_pwctrl_correct_atten_high_power
                0x000000003ffe9e2f                rxiq_cover_fail_num
 .bss           0x000000003ffe9e30        0x7 /opt/esp-open-sdk//sdk/lib/libphy.a(phy_sleep.o)
                0x000000003ffe9e30                periodic_cal_sat
                0x000000003ffe9e32                lslp_mem_opt_8266
                0x000000003ffe9e34                software_slp_reject
                0x000000003ffe9e35                SDIO_slp_reject
                0x000000003ffe9e36                hardware_reject
 *fill*         0x000000003ffe9e37        0x9 
 .bss           0x000000003ffe9e40       0x40 /opt/esp-open-sdk//sdk/lib/libpp.a(if_hwctrl.o)
                0x000000003ffe9e40                interface_mask
                0x000000003ffe9e60                if_ctrl
 .bss           0x000000003ffe9e80      0x150 /opt/esp-open-sdk//sdk/lib/libpp.a(lmac.o)
                0x000000003ffe9e84                lmacConfMib
 .bss           0x000000003ffe9fd0      0x11a /opt/esp-open-sdk//sdk/lib/libpp.a(pm.o)
                0x000000003ffe9fd0                pmc
                0x000000003ffea0b0                flash_tmp
 *fill*         0x000000003ffea0ea        0x2 
 .bss           0x000000003ffea0ec       0x30 /opt/esp-open-sdk//sdk/lib/libpp.a(pm_for_bcn_only_mode.o)
 *fill*         0x000000003ffea11c        0x4 
 .bss           0x000000003ffea120      0x2e2 /opt/esp-open-sdk//sdk/lib/libpp.a(pp.o)
                0x000000003ffea138                pend_flag_noise_check
                0x000000003ffea140                pend_flag_periodic_cal
                0x000000003ffea158                idle_timer_reopen_flag
                0x000000003ffea15a                dbg_stop_sw_wdt
                0x000000003ffea15b                dbg_stop_hw_wdt
                0x000000003ffea15c                HighestFreqOffsetInOneChk
                0x000000003ffea15e                LowestFreqOffsetInOneChk
                0x000000003ffea160                DefFreqCalTimer
 *fill*         0x000000003ffea402        0xe 
 .bss           0x000000003ffea410      0x100 /opt/esp-open-sdk//sdk/lib/libpp.a(rate_control.o)
 .bss           0x000000003ffea510      0x46c /opt/esp-open-sdk//sdk/lib/libpp.a(trc.o)
 *fill*         0x000000003ffea97c        0x4 
 .bss           0x000000003ffea980     0x2f68 /opt/esp-open-sdk//sdk/lib/libpp.a(wdev.o)
                0x000000003ffea980                wDevCtrl
                0x000000003ffeab28                WdevTimOffSet
 *fill*         0x000000003ffed8e8        0x8 
 .bss           0x000000003ffed8f0     0x12f4 /opt/esp-open-sdk//sdk/lib/libpp.a(esf_buf.o)
 .bss           0x000000003ffeebe4      0x678 /opt/esp-open-sdk//sdk/lib/libnet80211.a(ieee80211.o)
                0x000000003ffeebe4                g_ic
 .bss           0x000000003ffef25c       0x49 /opt/esp-open-sdk//sdk/lib/libnet80211.a(ieee80211_hostap.o)
                0x000000003ffef25c                BcnEb_update
                0x000000003ffef284                PendFreeBcnEb
                0x000000003ffef288                ApFreqCalTimer
                0x000000003ffef29c                APRecvBcnStartTick
 *fill*         0x000000003ffef2a5        0x3 
 .bss           0x000000003ffef2a8       0xc8 /opt/esp-open-sdk//sdk/lib/libnet80211.a(ieee80211_scan.o)
                0x000000003ffef2a8                gScanStruct
                0x000000003ffef354                connect_scan_flag
                0x000000003ffef355                FreqCalCntForScan
                0x000000003ffef356                TestStaFreqCalValInput
                0x000000003ffef358                auth_type
                0x000000003ffef35a                scannum
 .bss           0x000000003ffef370       0x10 /opt/esp-open-sdk//sdk/lib/libnet80211.a(ieee80211_sta.o)
 .bss           0x000000003ffef380       0x3c /opt/esp-open-sdk//sdk/lib/libnet80211.a(wl_chm.o)
 *fill*         0x000000003ffef3bc        0x4 
 .bss           0x000000003ffef3c0      0x37a /opt/esp-open-sdk//sdk/lib/libnet80211.a(wl_cnx.o)
                0x000000003ffef720                sta_con_timer
                0x000000003ffef734                g_cnx_probe_rc_list_cb
                0x000000003ffef738                reconnect_flag
                0x000000003ffef739                no_ap_found_index
 *fill*         0x000000003ffef73a        0x2 
 .bss           0x000000003ffef73c       0x10 /opt/esp-open-sdk//sdk/lib/libnet80211.a(ieee80211_action_vendor.o)
 *fill*         0x000000003ffef74c        0x4 
 .bss           0x000000003ffef750       0x38 /opt/esp-open-sdk//sdk/lib/liblwip.a(dhcp.o)
                0x000000003ffef750                dhcp_rx_options_given
                0x000000003ffef760                dhcp_rx_options_val
 .bss           0x000000003ffef788       0x28 /opt/esp-open-sdk//sdk/lib/liblwip.a(dhcpserver.o)
 .bss           0x000000003ffef7b0      0x480 /opt/esp-open-sdk//sdk/lib/liblwip.a(dns.o)
 .bss           0x000000003ffefc30       0x78 /opt/esp-open-sdk//sdk/lib/liblwip.a(espconn_tcp.o)
                0x000000003ffefc30                espconn_TaskQueue
 *fill*         0x000000003ffefca8        0x8 
 .bss           0x000000003ffefcb0      0x100 /opt/esp-open-sdk//sdk/lib/liblwip.a(etharp.o)
                0x000000003ffefcb4                ethzero
 .bss           0x000000003ffefdb0       0x10 /opt/esp-open-sdk//sdk/lib/liblwip.a(ip_addr.o)
 .bss           0x000000003ffefdc0       0x12 /opt/esp-open-sdk//sdk/lib/liblwip.a(ip.o)
                0x000000003ffefdc0                current_iphdr_dest
                0x000000003ffefdc4                current_iphdr_src
                0x000000003ffefdc8                current_netif
                0x000000003ffefdcc                current_header
 *fill*         0x000000003ffefdd2        0x2 
 .bss           0x000000003ffefdd4        0x9 /opt/esp-open-sdk//sdk/lib/liblwip.a(netif.o)
                0x000000003ffefdd4                netif_list
                0x000000003ffefdd8                netif_default
 *fill*         0x000000003ffefddd        0x3 
 .bss           0x000000003ffefde0        0x4 /opt/esp-open-sdk//sdk/lib/liblwip.a(raw.o)
 .bss           0x000000003ffefde4       0x34 /opt/esp-open-sdk//sdk/lib/liblwip.a(tcp_in.o)
                0x000000003ffefe14                tcp_input_pcb
 .bss           0x000000003ffefe18       0x1c /opt/esp-open-sdk//sdk/lib/liblwip.a(tcp.o)
                0x000000003ffefe1c                tcp_active_pcbs
                0x000000003ffefe20                tcp_tmp_pcb
                0x000000003ffefe24                tcp_tw_pcbs
                0x000000003ffefe28                tcp_bound_pcbs
                0x000000003ffefe2c                tcp_listen_pcbs
                0x000000003ffefe30                tcp_ticks
 .bss           0x000000003ffefe34        0xc /opt/esp-open-sdk//sdk/lib/liblwip.a(timers.o)
 .bss           0x000000003ffefe40        0x4 /opt/esp-open-sdk//sdk/lib/liblwip.a(udp.o)
                0x000000003ffefe40                udp_pcbs
 *fill*         0x000000003ffefe44        0xc 
 .bss           0x000000003ffefe50      0x104 /opt/esp-open-sdk//sdk/lib/liblwip.a(espconn.o)
                0x000000003ffefe50                plink_active
                0x000000003ffefe54                pserver_list
                0x000000003ffefe60                premot
                0x000000003ffeff20                pktinfo
 .bss           0x000000003ffeff54        0xc /opt/esp-open-sdk//sdk/lib/liblwip.a(igmp.o)
 .bss           0x000000003ffeff60      0x26a /opt/esp-open-sdk//sdk/lib/libwpa.a(wpa.o)
 *fill*         0x000000003fff01ca        0x6 
 .bss           0x000000003fff01d0        0x8 /opt/esp-open-sdk//sdk/lib/libnet80211.a(ieee80211_crypto_tkip.o)
 *(.bss.*)
 .bss._ZL5ESP01
                0x000000003fff01d8       0x30 /opt/Sming/Sming//compiler/lib//libsming.a(user_main.o)
 .bss._ZL11INADDR_NONE
                0x000000003fff0208        0x8 /opt/Sming/Sming//compiler/lib//libsming.a(user_main.o)
 .bss.System    0x000000003fff0210       0x2c /opt/Sming/Sming//compiler/lib//libsming.a(System.o)
                0x000000003fff0210                System
 .bss._ZL5ESP01
                0x000000003fff023c       0x30 /opt/Sming/Sming//compiler/lib//libsming.a(m_printf.o)
 .bss._ZL11INADDR_NONE
                0x000000003fff026c        0x8 /opt/Sming/Sming//compiler/lib//libsming.a(m_printf.o)
 .bss._ZL5ESP01
                0x000000003fff0274       0x30 /opt/Sming/Sming//compiler/lib//libsming.a(IPAddress.o)
 .bss._ZL11INADDR_NONE
                0x000000003fff02a4        0x8 /opt/Sming/Sming//compiler/lib//libsming.a(IPAddress.o)
 .bss._ZZN6StringixEjE19dummy_writable_char
                0x000000003fff02ac        0x1 /opt/Sming/Sming//compiler/lib//libsming.a(WString.o)
 *fill*         0x000000003fff02ad        0x3 
 .bss._ZL11INADDR_NONE
                0x000000003fff02b0        0x8 /opt/Sming/Sming//compiler/lib//libsming.a(WString.o)
 .bss._ZL11INADDR_NONE
                0x000000003fff02b8        0x8 /opt/Sming/Sming//compiler/lib//libsming.a(Print.o)
 .bss._delegateFunctionList
                0x000000003fff02c0       0x40 /opt/Sming/Sming//compiler/lib//libsming.a(Interrupts.o)
                0x000000003fff02c0                _delegateFunctionList
 .bss._ZL11INADDR_NONE
                0x000000003fff0300        0x8 /opt/Sming/Sming//compiler/lib//libsming.a(Interrupts.o)
 .bss._ZL11INADDR_NONE
                0x000000003fff0308        0x8 /opt/Sming/Sming//compiler/lib//libsming.a(Digital.o)
 .bss.display   0x000000003fff0310       0x38 out/build/app_app.a(application.o)
                0x000000003fff0310                display
 .bss._ZL5ESP01
                0x000000003fff0348       0x30 out/build/app_app.a(application.o)
 .bss._ZL11INADDR_NONE
                0x000000003fff0378        0x8 out/build/app_app.a(application.o)
 .bss.spiffs_cache
                0x000000003fff0380      0x480 /opt/Sming/Sming//compiler/lib//libsming.a(spiffs_sming.o)
 .bss.spiffs_fds
                0x000000003fff0800       0xe0 /opt/Sming/Sming//compiler/lib//libsming.a(spiffs_sming.o)
 .bss.spiffs_work_buf
                0x000000003fff08e0      0x200 /opt/Sming/Sming//compiler/lib//libsming.a(spiffs_sming.o)
 .bss.Wire      0x000000003fff0ae0       0x8c /opt/Sming/Sming//compiler/lib//libsming.a(Wire.o)
                0x000000003fff0ae0                Wire
 .bss._ZL11INADDR_NONE
                0x000000003fff0b6c        0x8 /opt/Sming/Sming//compiler/lib//libsming.a(Wire.o)
 .bss.Serial    0x000000003fff0b74       0x18 /opt/Sming/Sming//compiler/lib//libsming.a(HardwareSerial.o)
                0x000000003fff0b74                Serial
 .bss._ZN14HardwareSerial10memberDataE
                0x000000003fff0b8c       0x18 /opt/Sming/Sming//compiler/lib//libsming.a(HardwareSerial.o)
                0x000000003fff0b8c                _ZN14HardwareSerial10memberDataE
 .bss._ZL11INADDR_NONE
                0x000000003fff0ba4        0x8 /opt/Sming/Sming//compiler/lib//libsming.a(HardwareSerial.o)
 .bss.WifiStation
                0x000000003fff0bac       0x24 /opt/Sming/Sming//compiler/lib//libsming.a(Station.o)
                0x000000003fff0bac                WifiStation
 .bss._ZL5ESP01
                0x000000003fff0bd0       0x30 /opt/Sming/Sming//compiler/lib//libsming.a(Station.o)
 .bss._ZL11INADDR_NONE
                0x000000003fff0c00        0x8 /opt/Sming/Sming//compiler/lib//libsming.a(Station.o)
 .bss._ZL11INADDR_NONE
                0x000000003fff0c08        0x8 /opt/Sming/Sming//compiler/lib//libsming.a(CommandExecutor.o)
 .bss.JpegDec   0x000000003fff0c10       0xa0 /opt/Sming/Sming//compiler/lib//libsming.a(JPEGDecoder.o)
                0x000000003fff0c10                JpegDec
 .bss._ZL5ESP01
                0x000000003fff0cb0       0x30 /opt/Sming/Sming//compiler/lib//libsming.a(JPEGDecoder.o)
 .bss._ZL11INADDR_NONE
                0x000000003fff0ce0        0x8 /opt/Sming/Sming//compiler/lib//libsming.a(JPEGDecoder.o)
 .bss._ZL5ESP01
                0x000000003fff0ce8       0x30 /opt/Sming/Sming//compiler/lib//libsming.a(Adafruit_SSD1306.o)
 .bss._ZL11INADDR_NONE
                0x000000003fff0d18        0x8 /opt/Sming/Sming//compiler/lib//libsming.a(Adafruit_SSD1306.o)
 .bss._ZL5ESP01
                0x000000003fff0d20       0x30 /opt/Sming/Sming//compiler/lib//libsming.a(Adafruit_GFX.o)
 .bss._ZL11INADDR_NONE
                0x000000003fff0d50        0x8 /opt/Sming/Sming//compiler/lib//libsming.a(Adafruit_GFX.o)
 .bss.gReduce   0x000000003fff0d58        0x1 /opt/Sming/Sming//compiler/lib//libsming.a(picojpeg.o)
 .bss.gCallbackStatus
                0x000000003fff0d59        0x1 /opt/Sming/Sming//compiler/lib//libsming.a(picojpeg.o)
 *fill*         0x000000003fff0d5a        0x2 
 .bss.g_pCallback_data
                0x000000003fff0d5c        0x4 /opt/Sming/Sming//compiler/lib//libsming.a(picojpeg.o)
 .bss.g_pNeedBytesCallback
                0x000000003fff0d60        0x4 /opt/Sming/Sming//compiler/lib//libsming.a(picojpeg.o)
 .bss.gMCUOrg   0x000000003fff0d64        0x6 /opt/Sming/Sming//compiler/lib//libsming.a(picojpeg.o)
 .bss.gNumMCUSRemaining
                0x000000003fff0d6a        0x2 /opt/Sming/Sming//compiler/lib//libsming.a(picojpeg.o)
 .bss.gMaxMCUSPerCol
                0x000000003fff0d6c        0x2 /opt/Sming/Sming//compiler/lib//libsming.a(picojpeg.o)
 .bss.gMaxMCUSPerRow
                0x000000003fff0d6e        0x2 /opt/Sming/Sming//compiler/lib//libsming.a(picojpeg.o)
 .bss.gMaxMCUYSize
                0x000000003fff0d70        0x1 /opt/Sming/Sming//compiler/lib//libsming.a(picojpeg.o)
 .bss.gMaxMCUXSize
                0x000000003fff0d71        0x1 /opt/Sming/Sming//compiler/lib//libsming.a(picojpeg.o)
 .bss.gMaxBlocksPerMCU
                0x000000003fff0d72        0x1 /opt/Sming/Sming//compiler/lib//libsming.a(picojpeg.o)
 *fill*         0x000000003fff0d73        0x1 
 .bss.gScanType
                0x000000003fff0d74        0x4 /opt/Sming/Sming//compiler/lib//libsming.a(picojpeg.o)
 .bss.gCompACTab
                0x000000003fff0d78        0x3 /opt/Sming/Sming//compiler/lib//libsming.a(picojpeg.o)
 .bss.gCompDCTab
                0x000000003fff0d7b        0x3 /opt/Sming/Sming//compiler/lib//libsming.a(picojpeg.o)
 .bss.gCompList
                0x000000003fff0d7e        0x3 /opt/Sming/Sming//compiler/lib//libsming.a(picojpeg.o)
 .bss.gCompsInScan
                0x000000003fff0d81        0x1 /opt/Sming/Sming//compiler/lib//libsming.a(picojpeg.o)
 .bss.gRestartsLeft
                0x000000003fff0d82        0x2 /opt/Sming/Sming//compiler/lib//libsming.a(picojpeg.o)
 .bss.gNextRestartNum
                0x000000003fff0d84        0x2 /opt/Sming/Sming//compiler/lib//libsming.a(picojpeg.o)
 .bss.gRestartInterval
                0x000000003fff0d86        0x2 /opt/Sming/Sming//compiler/lib//libsming.a(picojpeg.o)
 .bss.gCompQuant
                0x000000003fff0d88        0x3 /opt/Sming/Sming//compiler/lib//libsming.a(picojpeg.o)
 .bss.gCompVSamp
                0x000000003fff0d8b        0x3 /opt/Sming/Sming//compiler/lib//libsming.a(picojpeg.o)
 .bss.gCompHSamp
                0x000000003fff0d8e        0x3 /opt/Sming/Sming//compiler/lib//libsming.a(picojpeg.o)
 .bss.gCompIdent
                0x000000003fff0d91        0x3 /opt/Sming/Sming//compiler/lib//libsming.a(picojpeg.o)
 .bss.gCompsInFrame
                0x000000003fff0d94        0x1 /opt/Sming/Sming//compiler/lib//libsming.a(picojpeg.o)
 *fill*         0x000000003fff0d95        0x1 
 .bss.gImageYSize
                0x000000003fff0d96        0x2 /opt/Sming/Sming//compiler/lib//libsming.a(picojpeg.o)
 .bss.gImageXSize
                0x000000003fff0d98        0x2 /opt/Sming/Sming//compiler/lib//libsming.a(picojpeg.o)
 .bss.gBitsLeft
                0x000000003fff0d9a        0x1 /opt/Sming/Sming//compiler/lib//libsming.a(picojpeg.o)
 *fill*         0x000000003fff0d9b        0x1 
 .bss.gBitBuf   0x000000003fff0d9c        0x2 /opt/Sming/Sming//compiler/lib//libsming.a(picojpeg.o)
 .bss.gInBufLeft
                0x000000003fff0d9e        0x1 /opt/Sming/Sming//compiler/lib//libsming.a(picojpeg.o)
 .bss.gInBufOfs
                0x000000003fff0d9f        0x1 /opt/Sming/Sming//compiler/lib//libsming.a(picojpeg.o)
 .bss.gInBuf    0x000000003fff0da0      0x100 /opt/Sming/Sming//compiler/lib//libsming.a(picojpeg.o)
 .bss.gTemFlag  0x000000003fff0ea0        0x1 /opt/Sming/Sming//compiler/lib//libsming.a(picojpeg.o)
 .bss.gValidQuantTables
                0x000000003fff0ea1        0x1 /opt/Sming/Sming//compiler/lib//libsming.a(picojpeg.o)
 .bss.gValidHuffTables
                0x000000003fff0ea2        0x1 /opt/Sming/Sming//compiler/lib//libsming.a(picojpeg.o)
 .bss.gHuffVal3
                0x000000003fff0ea3      0x100 /opt/Sming/Sming//compiler/lib//libsming.a(picojpeg.o)
 *fill*         0x000000003fff0fa3        0x1 
 .bss.gHuffTab3
                0x000000003fff0fa4       0x50 /opt/Sming/Sming//compiler/lib//libsming.a(picojpeg.o)
 .bss.gHuffVal2
                0x000000003fff0ff4      0x100 /opt/Sming/Sming//compiler/lib//libsming.a(picojpeg.o)
 .bss.gHuffTab2
                0x000000003fff10f4       0x50 /opt/Sming/Sming//compiler/lib//libsming.a(picojpeg.o)
 .bss.gHuffVal1
                0x000000003fff1144       0x10 /opt/Sming/Sming//compiler/lib//libsming.a(picojpeg.o)
 .bss.gHuffTab1
                0x000000003fff1154       0x50 /opt/Sming/Sming//compiler/lib//libsming.a(picojpeg.o)
 .bss.gHuffVal0
                0x000000003fff11a4       0x10 /opt/Sming/Sming//compiler/lib//libsming.a(picojpeg.o)
 .bss.gHuffTab0
                0x000000003fff11b4       0x50 /opt/Sming/Sming//compiler/lib//libsming.a(picojpeg.o)
 .bss.gLastDC   0x000000003fff1204        0x6 /opt/Sming/Sming//compiler/lib//libsming.a(picojpeg.o)
 .bss.gQuant1   0x000000003fff120a       0x80 /opt/Sming/Sming//compiler/lib//libsming.a(picojpeg.o)
 .bss.gQuant0   0x000000003fff128a       0x80 /opt/Sming/Sming//compiler/lib//libsming.a(picojpeg.o)
 .bss.gMCUBufB  0x000000003fff130a      0x100 /opt/Sming/Sming//compiler/lib//libsming.a(picojpeg.o)
 .bss.gMCUBufG  0x000000003fff140a      0x100 /opt/Sming/Sming//compiler/lib//libsming.a(picojpeg.o)
 .bss.gMCUBufR  0x000000003fff150a      0x100 /opt/Sming/Sming//compiler/lib//libsming.a(picojpeg.o)
 .bss.gCoeffBuf
                0x000000003fff160a       0x80 /opt/Sming/Sming//compiler/lib//libsming.a(picojpeg.o)
 *fill*         0x000000003fff168a        0x2 
 .bss._ZL11INADDR_NONE
                0x000000003fff168c        0x8 /opt/Sming/Sming//compiler/lib//libsming.a(I2cMaster.o)
 .bss._ZL11INADDR_NONE
                0x000000003fff1694        0x8 /opt/Sming/Sming//compiler/lib//libsming.a(Clock.o)
 .bss.SPI       0x000000003fff169c        0x1 /opt/Sming/Sming//compiler/lib//libsming.a(SPI.o)
                0x000000003fff169c                SPI
 *fill*         0x000000003fff169d        0x3 
 .bss._ZL11INADDR_NONE
                0x000000003fff16a0        0x8 /opt/Sming/Sming//compiler/lib//libsming.a(WebSocket.o)
 .bss._ZL11INADDR_NONE
                0x000000003fff16a8        0x8 /opt/Sming/Sming//compiler/lib//libsming.a(HttpResponse.o)
 .bss._ZL11INADDR_NONE
                0x000000003fff16b0        0x8 /opt/Sming/Sming//compiler/lib//libsming.a(TcpConnection.o)
 .bss._ZL11INADDR_NONE
                0x000000003fff16b8        0x8 /opt/Sming/Sming//compiler/lib//libsming.a(HttpRequest.o)
 .bss.commandHandler
                0x000000003fff16c0       0x1c /opt/Sming/Sming//compiler/lib//libsming.a(CommandHandler.o)
                0x000000003fff16c0                commandHandler
 .bss._ZL11INADDR_NONE
                0x000000003fff16dc        0x8 /opt/Sming/Sming//compiler/lib//libsming.a(CommandHandler.o)
 .bss._ZL11INADDR_NONE
                0x000000003fff16e4        0x8 /opt/Sming/Sming//compiler/lib//libsming.a(CommandOutput.o)
 .bss._ZL11INADDR_NONE
                0x000000003fff16ec        0x8 /opt/Sming/Sming//compiler/lib//libsming.a(CommandDelegate.o)
 .bss._ZL11INADDR_NONE
                0x000000003fff16f4        0x8 /opt/Sming/Sming//compiler/lib//libsming.a(DataSourceStream.o)
 *fill*         0x000000003fff16fc        0x4 
 .bss.SystemClock
                0x000000003fff1700       0x18 /opt/Sming/Sming//compiler/lib//libsming.a(SystemClock.o)
                0x000000003fff1700                SystemClock
 .bss._ZL11INADDR_NONE
                0x000000003fff1718        0x8 /opt/Sming/Sming//compiler/lib//libsming.a(SystemClock.o)
 .bss.RTC       0x000000003fff1720        0x1 /opt/Sming/Sming//compiler/lib//libsming.a(RTC.o)
                0x000000003fff1720                RTC
 *fill*         0x000000003fff1721        0x3 
 .bss.WDT       0x000000003fff1724        0x8 /opt/Sming/Sming//compiler/lib//libsming.a(WDT.o)
                0x000000003fff1724                WDT
 .bss._ZL11INADDR_NONE
                0x000000003fff172c        0x8 /opt/Sming/Sming//compiler/lib//libsming.a(HttpServer.o)
 .bss._ZL11INADDR_NONE
                0x000000003fff1734        0x8 /opt/Sming/Sming//compiler/lib//libsming.a(HttpServerConnection.o)
 .bss._ZL5ESP01
                0x000000003fff173c       0x30 /opt/Sming/Sming//compiler/lib//libsming.a(DateTime.o)
 .bss._ZL11INADDR_NONE
                0x000000003fff176c        0x8 /opt/Sming/Sming//compiler/lib//libsming.a(DateTime.o)
 .bss._ZN11ArduinoJson10JsonObject8_invalidE
                0x000000003fff1774        0x8 /opt/Sming/Sming//compiler/lib//libsming.a(ArduinoJson.o)
                0x000000003fff1774                _ZN11ArduinoJson10JsonObject8_invalidE
 .bss._ZN11ArduinoJson9JsonArray8_invalidE
                0x000000003fff177c        0x8 /opt/Sming/Sming//compiler/lib//libsming.a(ArduinoJson.o)
                0x000000003fff177c                _ZN11ArduinoJson9JsonArray8_invalidE
 .bss._ZL11INADDR_NONE
                0x000000003fff1784        0x8 /opt/Sming/Sming//compiler/lib//libsming.a(TcpServer.o)
 .bss._ZL11INADDR_NONE
                0x000000003fff178c        0x8 /opt/Sming/Sming//compiler/lib//libsming.a(TcpClient.o)
 *(.gnu.linkonce.b.*)
 *(COMMON)
 COMMON         0x000000003fff1794       0x70 /opt/Sming/Sming//compiler/lib//libsming.a(spiffs_sming.o)
                0x000000003fff1794                _filesystemStorageHandle
                0x000000003fff1808                . = ALIGN (0x8)
 *fill*         0x000000003fff1804        0x4 
                0x000000003fff1808                _bss_end = ABSOLUTE (.)
                0x000000003fff1808                _heap_start = ABSOLUTE (.)

.irom0.text     0x0000000040209000    0x38c4a
                0x0000000040209000                _irom0_text_start = ABSOLUTE (.)
 *(.irom0.literal .irom.literal .irom.text.literal .irom0.text .irom.text)
 .irom0.text    0x0000000040209000      0x991 /opt/esp-open-sdk//sdk/lib/libmain.a(app_main.o)
                                        0xb55 (size before relaxing)
                0x00000000402091e0                wdt_init
                0x000000004020926c                user_uart_wait_tx_fifo_empty
                0x0000000040209518                user_rf_pre_init
 *fill*         0x0000000040209991        0x3 
 .irom0.text    0x0000000040209994      0x186 /opt/esp-open-sdk//sdk/lib/libmain.a(ets_timer.o)
                                        0x1b2 (size before relaxing)
                0x000000004020999c                ets_timer_done
                0x00000000402099e8                ets_timer_handler_isr
                0x0000000040209ab8                ets_timer_init
 *fill*         0x0000000040209b1a        0x2 
 .irom0.text    0x0000000040209b1c       0xb8 /opt/esp-open-sdk//sdk/lib/libmain.a(mem_manager.o)
                                         0xc0 (size before relaxing)
                0x0000000040209b84                xPortGetFreeHeapSize
                0x0000000040209b8c                vPortInitialiseBlocks
 .irom0.text    0x0000000040209bd4     0x31dd /opt/esp-open-sdk//sdk/lib/libmain.a(user_interface.o)
                                       0x3b99 (size before relaxing)
                0x0000000040209bd8                system_set_os_print
                0x0000000040209be8                system_get_os_print
                0x0000000040209db0                system_pp_recycle_rx_pkt
                0x0000000040209dc4                system_adc_read
                0x0000000040209ddc                system_get_vdd33
                0x0000000040209e08                system_restart_local
                0x0000000040209edc                system_restart
                0x0000000040209f38                system_restore
                0x0000000040209fa0                system_get_flash_size_map
                0x0000000040209fc0                system_get_boot_version
                0x0000000040209ff8                system_get_test_result
                0x000000004020a020                system_get_userbin_addr
                0x000000004020a0b8                system_get_boot_mode
                0x000000004020a0e8                system_restart_enhance
                0x000000004020a218                system_upgrade_userbin_set
                0x000000004020a264                system_upgrade_userbin_check
                0x000000004020a2a4                system_upgrade_flag_set
                0x000000004020a2b8                system_upgrade_flag_check
                0x000000004020a2e0                system_upgrade_reboot
                0x000000004020a414                system_deep_sleep_instant
                0x000000004020a5ac                system_deep_sleep
                0x000000004020a60c                system_deep_sleep_set_option
                0x000000004020a628                system_phy_temperature_alert
                0x000000004020a63c                system_phy_set_max_tpw
                0x000000004020a650                system_phy_set_tpw_via_vdd33
                0x000000004020a664                system_phy_set_rfoption
                0x000000004020a678                system_phy_set_powerup_option
                0x000000004020a690                system_update_cpu_freq
                0x000000004020a6ec                system_get_cpu_freq
                0x000000004020a704                system_overclock
                0x000000004020a730                system_restoreclock
                0x000000004020a760                system_timer_reinit
                0x000000004020a778                system_relative_time
                0x000000004020a79c                system_station_got_ip_set
                0x000000004020a8c8                system_print_meminfo
                0x000000004020a928                system_get_free_heap_size
                0x000000004020a940                system_get_chip_id
                0x000000004020a964                system_rtc_clock_cali_proc
                0x000000004020a978                system_get_rtc_time
                0x000000004020a98c                system_mktime
                0x000000004020aa5c                system_init_done_cb
                0x000000004020aa64                system_get_rst_info
                0x000000004020aa6c                system_get_data_of_array_8
                0x000000004020aa90                system_get_data_of_array_16
                0x000000004020aab8                system_get_string_from_flash
                0x000000004020ab24                wifi_softap_dhcps_start
                0x000000004020ab6c                wifi_softap_dhcps_stop
                0x000000004020abac                wifi_softap_dhcps_status
                0x000000004020abb4                wifi_station_dhcpc_start
                0x000000004020ac0c                wifi_station_dhcpc_stop
                0x000000004020ac4c                wifi_station_dhcpc_event
                0x000000004020acc0                wifi_station_dhcpc_set_maxtry
                0x000000004020acd0                wifi_station_dhcpc_status
                0x000000004020ad48                wifi_get_opmode
                0x000000004020ad5c                wifi_get_opmode_default
                0x000000004020add8                wifi_get_broadcast_if
                0x000000004020ae14                wifi_set_broadcast_if
                0x000000004020af24                wifi_set_opmode
                0x000000004020af38                wifi_set_opmode_current
                0x000000004020af4c                system_get_checksum
                0x000000004020af8c                wifi_param_save_protect_with_check
                0x000000004020b020                system_param_save_with_protect
                0x000000004020b0c8                system_save_sys_param
                0x000000004020b0f4                system_param_load
                0x000000004020b22c                wifi_station_get_config
                0x000000004020b240                wifi_station_get_config_default
                0x000000004020b260                wifi_station_get_ap_info
                0x000000004020b318                wifi_station_ap_number_set
                0x000000004020b5e0                wifi_station_set_config
                0x000000004020b5f8                wifi_station_set_config_current
                0x000000004020b610                wifi_station_get_current_ap_id
                0x000000004020b624                wifi_station_ap_check
                0x000000004020b664                wifi_station_ap_change
                0x000000004020b790                wifi_station_scan
                0x000000004020b7dc                wifi_station_get_auto_connect
                0x000000004020b7f0                wifi_station_set_auto_connect
                0x000000004020b840                wifi_station_save_pmk2cache
                0x000000004020b8f4                wifi_station_connect
                0x000000004020b988                wifi_station_disconnect
                0x000000004020ba48                wifi_station_get_connect_status
                0x000000004020ba78                wifi_station_set_reconnect_policy
                0x000000004020ba90                wifi_station_get_reconnect_policy
                0x000000004020ba98                wifi_station_get_rssi
                0x000000004020bae8                wifi_station_set_default_hostname
                0x000000004020bb50                wifi_station_get_hostname
                0x000000004020bb80                wifi_station_set_hostname
                0x000000004020bc20                wifi_softap_cacl_mac
                0x000000004020bc90                wifi_softap_set_default_ssid
                0x000000004020be70                wifi_softap_get_config
                0x000000004020be84                wifi_softap_get_config_default
                0x000000004020c0ec                wifi_softap_set_config
                0x000000004020c100                wifi_softap_set_config_current
                0x000000004020c114                wifi_softap_set_station_info
                0x000000004020c180                wifi_softap_get_station_info
                0x000000004020c230                wifi_softap_free_station_info
                0x000000004020c278                wifi_softap_get_station_num
                0x000000004020c2cc                wifi_softap_deauth
                0x000000004020c37c                wifi_softap_get_beacon_only_mode
                0x000000004020c390                wifi_softap_set_beacon_only_mode
                0x000000004020c3f4                wifi_register_user_ie_manufacturer_recv_cb
                0x000000004020c408                wifi_unregister_user_ie_manufacturer_recv_cb
                0x000000004020c43c                wifi_set_user_ie
                0x000000004020c54c                wifi_get_user_ie
                0x000000004020c580                wifi_get_phy_mode
                0x000000004020c588                wifi_set_phy_mode
                0x000000004020c650                wifi_set_sleep_type
                0x000000004020c66c                wifi_get_sleep_type
                0x000000004020c684                wifi_get_channel
                0x000000004020c69c                wifi_set_channel
                0x000000004020c6e0                wifi_promiscuous_set_mac
                0x000000004020c740                wifi_promiscuous_enable
                0x000000004020c824                wifi_set_promiscuous_rx_cb
                0x000000004020c834                wifi_get_ip_info
                0x000000004020c8b4                wifi_set_ip_info
                0x000000004020c928                wifi_get_macaddr
                0x000000004020c988                wifi_set_macaddr
                0x000000004020caa8                wifi_enable_6m_rate
                0x000000004020cab0                wifi_get_user_fixed_rate
                0x000000004020cad0                wifi_set_user_fixed_rate
                0x000000004020caf0                wifi_set_user_sup_rate
                0x000000004020cb0c                wifi_get_user_limit_rate_mask
                0x000000004020cb14                wifi_set_user_limit_rate_mask
                0x000000004020cb2c                wifi_register_send_pkt_freedom_cb
                0x000000004020cb40                wifi_unregister_send_pkt_freedom_cb
                0x000000004020cb4c                wifi_send_pkt_freedom
                0x000000004020cb98                wifi_rfid_locp_recv_open
                0x000000004020cbac                wifi_rfid_locp_recv_close
                0x000000004020cbc0                wifi_register_rfid_locp_recv_cb
                0x000000004020cbd4                wifi_unregister_rfid_locp_recv_cb
                0x000000004020cbe8                wifi_status_led_install
                0x000000004020cc1c                wifi_status_led_uninstall
                0x000000004020cc40                wifi_set_status_led_output_level
                0x000000004020cc98                wifi_set_event_handler_cb
                0x000000004020ccd8                system_os_task
                0x000000004020cd18                system_uart_swap
                0x000000004020cd78                system_uart_de_swap
                0x000000004020cdac                system_get_sdk_version
 *fill*         0x000000004020cdb1        0x3 
 .irom0.text    0x000000004020cdb4      0x610 /opt/esp-open-sdk//sdk/lib/libmain.a(eagle_lib.o)
                                        0x620 (size before relaxing)
                0x000000004020cdb8                divide
                0x000000004020cdf4                skip_atoi
                0x000000004020cf74                ets_vsnprintf
                0x000000004020d2d4                ets_vsprintf
                0x000000004020d2f8                ets_sprintf
                0x000000004020d320                ets_strcat
                0x000000004020d340                ets_strrchr
                0x000000004020d36c                ets_strchr
                0x000000004020d384                bit_popcount
                0x000000004020d3a0                ets_snprintf
 .irom0.text    0x000000004020d3c4      0x2f6 /opt/esp-open-sdk//sdk/lib/libmain.a(eagle_lwip_if.o)
                                        0x3b2 (size before relaxing)
                0x000000004020d47c                eagle_lwip_if_alloc
                0x000000004020d62c                eagle_lwip_if_free
                0x000000004020d698                eagle_lwip_getif
 *fill*         0x000000004020d6ba        0x2 
 .irom0.literal
                0x000000004020d6bc        0x0 /opt/Sming/Sming//compiler/lib//libmicroc.a(strchr.o)
                                          0x4 (size before relaxing)
 .irom0.literal
                0x000000004020d6bc        0xc /opt/Sming/Sming//compiler/lib//libmicroc.a(strchrnul.o)
 .irom0.literal
                0x000000004020d6c8        0x4 /opt/Sming/Sming//compiler/lib//libmicroc.a(malloc.o)
                                         0x14 (size before relaxing)
 .irom0.literal
                0x000000004020d6cc        0x4 /opt/Sming/Sming//compiler/lib//libmicroc.a(abort.o)
                                          0x8 (size before relaxing)
 .irom0.literal
                0x000000004020d6d0        0x8 /opt/Sming/Sming//compiler/lib//libmicrogcc.a(_divsf3.o)
                                         0x10 (size before relaxing)
 .irom0.text    0x000000004020d6d8       0x25 /opt/Sming/Sming//compiler/lib//libmicroc.a(strchr.o)
                                         0x29 (size before relaxing)
                0x000000004020d6d8                strchr
 *fill*         0x000000004020d6fd        0x3 
 .irom0.text    0x000000004020d700       0x75 /opt/Sming/Sming//compiler/lib//libmicroc.a(strchrnul.o)
                0x000000004020d700                __strchrnul
                0x000000004020d700                strchrnul
 *fill*         0x000000004020d775        0x3 
 .irom0.text    0x000000004020d778       0x65 /opt/Sming/Sming//compiler/lib//libmicroc.a(malloc.o)
                0x000000004020d778                malloc
                0x000000004020d78c                free
                0x000000004020d7a0                realloc
                0x000000004020d7b4                zalloc
                0x000000004020d7c8                calloc
 *fill*         0x000000004020d7dd        0x3 
 .irom0.text    0x000000004020d7e0       0x11 /opt/Sming/Sming//compiler/lib//libmicroc.a(abort.o)
                0x000000004020d7e0                abort
 *fill*         0x000000004020d7f1        0x3 
 .irom0.text    0x000000004020d7f4       0xfa /opt/esp-open-sdk//sdk/lib/libphy.a(phy.o)
                                        0x11e (size before relaxing)
                0x000000004020d7f8                rf_init
                0x000000004020d814                bb_init
                0x000000004020d82c                phy_init
                0x000000004020d85c                RFChannelSel
                0x000000004020d878                phy_delete_channel
                0x000000004020d890                phy_enable_agc
                0x000000004020d8a8                phy_disable_agc
                0x000000004020d8c0                phy_initialize_bb
                0x000000004020d8d8                phy_set_sense
 *fill*         0x000000004020d8ee        0x2 
 .irom0.text    0x000000004020d8f0     0x16f7 /opt/esp-open-sdk//sdk/lib/libphy.a(phy_chip_v6_ana.o)
                                       0x18e3 (size before relaxing)
                0x000000004020d8f4                ram_pbus_set_rxgain
                0x000000004020d9cc                ram_pbus_debugmode
                0x000000004020da80                ram_pbus_xpd_tx_on
                0x000000004020daec                set_rf_freq_offset
                0x000000004020db60                chip_v6_rxmax_ext_ana
                0x000000004020dcb4                ram_chip_v6_rx_init
                0x000000004020dce8                tsen_meas
                0x000000004020dd98                readvdd33
                0x000000004020df64                txpwr_offset
                0x000000004020e020                set_txcap_reg
                0x000000004020e0a0                ram_ana_inf_gating_en
                0x000000004020e200                ram_restart_cal
                0x000000004020e26c                wait_rfpll_cal_end
                0x000000004020e300                ram_rfpll_set_freq
                0x000000004020e40c                ram_set_channel_freq
                0x000000004020e70c                chip_60_set_channel
                0x000000004020e89c                chip_v6_set_chan_offset
                0x000000004020e8d8                chip_v6_set_chan
                0x000000004020e96c                chip_v6_set_chan_wakeup
                0x000000004020e9f0                chip_v6_rf_init
                0x000000004020ec14                low_power_set
                0x000000004020ec68                test_tout
                0x000000004020ede0                check_data_flag
                0x000000004020ee00                phy_get_check_flag
                0x000000004020ef34                phy_get_vdd33
 *fill*         0x000000004020efe7        0x1 
 .irom0.text    0x000000004020efe8     0x3c2f /opt/esp-open-sdk//sdk/lib/libphy.a(phy_chip_v6.o)
                                       0x4293 (size before relaxing)
                0x000000004020efe8                ram_tx_mac_enable
                0x000000004020efec                ram_tx_mac_disable
                0x000000004020eff0                rtc_mem_backup
                0x000000004020f020                rtc_mem_recovery
                0x000000004020f050                set_cal_rxdc
                0x000000004020f104                set_rx_gain_cal_iq
                0x000000004020f460                gen_rx_gain_table
                0x000000004020f5b8                pbus_set_rxbbgain
                0x000000004020f638                set_rx_gain_testchip_50
                0x000000004020f96c                ram_get_corr_power
                0x000000004020fa5c                check_data_func
                0x000000004020fa7c                do_noisefloor_lsleep_v50
                0x000000004020fab0                do_noisefloor
                0x000000004020fb20                start_dig_rx
                0x000000004020fb64                stop_dig_rx
                0x000000004020fb90                chip_v6_set_chanfreq
                0x000000004020fbbc                tx_cap_init
                0x000000004020fd70                target_power_add_backoff
                0x000000004020fdc0                tx_pwctrl_init_cal
                0x000000004020ff28                tx_atten_set_interp
                0x0000000040210198                tx_pwctrl_init
                0x000000004021028c                ram_get_noisefloor
                0x00000000402102a8                get_noisefloor_sat
                0x00000000402102d8                ram_set_noise_floor
                0x0000000040210334                ram_start_noisefloor
                0x0000000040210380                read_hw_noisefloor
                0x00000000402103ac                noise_check_loop
                0x0000000040210508                noise_init
                0x0000000040210708                target_power_backoff
                0x000000004021075c                sdt_on_noise_start
                0x00000000402107dc                chip_v6_set_chan_rx_cmp
                0x0000000040210968                chip_v6_set_chan_misc
                0x00000000402109fc                phy_dig_spur_set
                0x0000000040210d54                phy_dig_spur_prot
                0x0000000040210f8c                chip_v6_rxmax_ext_dig
                0x0000000040210fd8                chip_v6_rxmax_ext
                0x000000004021108c                phy_bb_rx_cfg
                0x0000000040211494                uart_wait_idle
                0x00000000402114cc                phy_pbus_soc_cfg
                0x000000004021158c                phy_gpio_cfg
                0x00000000402118d4                tx_cont_en
                0x0000000040211978                tx_cont_dis
                0x00000000402119cc                tx_cont_cfg
                0x00000000402119ec                chip_v6_initialize_bb
                0x0000000040211b54                periodic_cal
                0x0000000040211c34                bbpll_cal
                0x0000000040211ccc                periodic_cal_top
                0x0000000040211d2c                register_chipv6_phy_init_param
                0x0000000040211fd0                change_bbpll160_sleep
                0x00000000402120fc                change_bbpll160
                0x0000000040212134                set_crystal_uart
                0x00000000402121cc                ant_switch_init
                0x0000000040212278                reduce_current_init
                0x00000000402122e0                rtc_mem_check
                0x000000004021231c                phy_afterwake_set_rfoption
                0x000000004021233c                deep_sleep_set_option
                0x0000000040212368                write_data_to_rtc
                0x00000000402123a0                get_data_from_rtc
                0x0000000040212428                register_chipv6_phy
                0x0000000040212838                set_dpd_bypass
                0x0000000040212860                set_rf_gain_stage10
                0x0000000040212890                get_vdd33_offset
                0x0000000040212904                get_phy_target_power
                0x00000000402129b8                set_most_pwr_reg
                0x0000000040212a8c                phy_set_most_tpw
                0x0000000040212aac                phy_vdd33_set_tpw
                0x0000000040212ac4                get_adc_rand
                0x0000000040212af8                phy_get_rand
                0x0000000040212b10                phy_tx_pwctrl_cali
                0x0000000040212b38                phy_check_data_table
                0x0000000040212b74                phy_after_init_enrx
                0x0000000040212bd8                phy_set_rx11b_reg
                0x0000000040212c0c                phy_set_powerup_option
 *fill*         0x0000000040212c17        0x1 
 .irom0.text    0x0000000040212c18     0x21ac /opt/esp-open-sdk//sdk/lib/libphy.a(phy_chip_v6_cal.o)
                                       0x23ec (size before relaxing)
                0x0000000040212c18                txbbgain2dcoindex
                0x0000000040212c38                dcoindex2txbbgain
                0x0000000040212c5c                init_cal_dcoffset
                0x0000000040212d20                set_rfanagain_dc_reg
                0x0000000040212dbc                set_txdc_pbus
                0x0000000040212e28                get_rf_gain_qdb
                0x0000000040212e50                correct_rf_ana_gain
                0x0000000040212f58                get_sar_dout
                0x0000000040212ff0                cal_rf_ana_gain
                0x00000000402130c8                meas_tone_pwr_db
                0x0000000040213138                tx_pwr_backoff
                0x0000000040213284                get_fcc_1m2m_pwr_offset
                0x00000000402132c0                ram_set_txbb_atten
                0x0000000040213354                txiq_get_mis_pwr
                0x00000000402133f8                txiq_cover
                0x0000000040213614                ram_rfcal_txiq
                0x0000000040213884                rc_cal
                0x0000000040213a44                get_target_power_offset
                0x0000000040213b4c                get_pwctrl_correct
                0x0000000040213ba8                tx_pwctrl_cal
                0x0000000040213f38                tx_pwctrl_bg_init
                0x0000000040213fb0                tx_pwctrl_background
                0x0000000040214088                read_sar_dout
                0x00000000402140ec                ram_get_fm_sar_dout
                0x0000000040214190                ram_cal_tos_v60
                0x0000000040214370                ram_get_bb_atten
                0x00000000402143a0                ram_rfcal_txcap
                0x0000000040214564                ram_rfcal_pwrctrl
                0x0000000040214780                ram_rxiq_get_mis
                0x0000000040214950                ram_rxiq_cover_mg_mp
                0x0000000040214af4                ram_rfcal_rxiq
                0x0000000040214d00                dpd_scale_set
                0x0000000040214d48                dpd_mem_write
 .irom0.text    0x0000000040214dc4      0xd82 /opt/esp-open-sdk//sdk/lib/libphy.a(phy_sleep.o)
                                        0xfaa (size before relaxing)
                0x0000000040214dc4                pm_usec2rtc
                0x0000000040214df8                pm_rtc2usec
                0x0000000040214e08                pm_set_sleep_cycles
                0x0000000040214e30                pm_sleep_opt
                0x0000000040214f48                pm_wakeup_opt
                0x0000000040214f80                get_chip_version
                0x0000000040214fc0                pm_sleep_opt_bb_off
                0x0000000040215000                pm_sleep_opt_bb_on
                0x000000004021504c                pm_set_pll_xtal_wait_time
                0x0000000040215094                pm_prepare_to_sleep
                0x00000000402150b8                pm_sdio_nidle
                0x000000004021512c                chg_lslp_mem_opt_8266
                0x000000004021515c                pm_goto_sleep
                0x00000000402152a8                pm_wait4wakeup
                0x00000000402152e4                pm_open_rf
                0x0000000040215328                pm_sleep_set_mac
                0x00000000402153ac                pm_set_wakeup_mac
                0x0000000040215448                pm_check_mac_idle
                0x00000000402154a0                pm_set_sleep_btco
                0x0000000040215540                pm_set_wakeup_btco
                0x0000000040215658                pm_set_sleep_mode
                0x0000000040215774                pm_unmask_bt
                0x00000000402157dc                pm_wakeup_init
                0x00000000402159ec                sleep_opt_8266
                0x0000000040215a0c                sleep_opt_bb_on_8266
                0x0000000040215a44                sleep_reset_analog_rtcreg_8266
 *fill*         0x0000000040215b46        0x2 
 .irom0.text    0x0000000040215b48      0x449 /opt/esp-open-sdk//sdk/lib/libpp.a(if_hwctrl.o)
                                        0x551 (size before relaxing)
                0x0000000040215b68                ic_get_addr
                0x0000000040215b74                ic_set_opmode
                0x0000000040215b88                ic_enable_interface
                0x0000000040215bd8                ic_interface_enabled
                0x0000000040215bec                ic_disable_interface
                0x0000000040215c34                ic_is_pure_sta
                0x0000000040215c50                ic_get_ptk_alg
                0x0000000040215c60                ic_get_gtk_alg
                0x0000000040215c70                ic_set_ptk_alg
                0x0000000040215c80                ic_set_gtk_alg
                0x0000000040215c90                ic_interface_is_p2p
                0x0000000040215d28                ic_set_vif
                0x0000000040215de0                ic_set_sta
                0x0000000040215ea0                ic_bss_info_update
                0x0000000040215efc                ic_set_key
                0x0000000040215f58                ic_remove_key
                0x0000000040215f6c                ic_get_rssi
 *fill*         0x0000000040215f91        0x3 
 .irom0.text    0x0000000040215f94      0x100 /opt/esp-open-sdk//sdk/lib/libpp.a(lmac.o)
                                        0x118 (size before relaxing)
                0x0000000040215f98                lmacInitAc
                0x0000000040215fcc                lmacInit
                0x0000000040216078                lmacSetRetryLimit
 .irom0.text    0x0000000040216094     0x1865 /opt/esp-open-sdk//sdk/lib/libpp.a(pm.o)
                                       0x1d59 (size before relaxing)
                0x000000004021609c                pm_rtc_clock_cali_proc
                0x00000000402160d4                pm_get_ck170_period
                0x00000000402160f8                pm_set_sleep_time
                0x000000004021645c                pm_rf_is_closed
                0x000000004021648c                pm_set_sleep_type_from_upper
                0x000000004021657c                pm_get_sleep_type
                0x0000000040216700                uart_tx_flush
                0x0000000040216704                pm_suspend
                0x0000000040216924                pm_shutdown
                0x0000000040216a00                pm_reset_idle_sleep
                0x0000000040216a40                pm_idle_sleep
                0x0000000040216a4c                pm_open
                0x0000000040216b14                pm_onBcnRx
                0x0000000040216e7c                StopLightSleepSetFunc
                0x0000000040216e84                LightSleepWakedCbSetFunc
                0x0000000040217380                pm_enable_gpio_wakeup
                0x00000000402173b8                pm_attach
                0x00000000402174a8                pm_send_nullfunc
                0x0000000040217630                pm_is_waked
                0x0000000040217648                pm_is_open
                0x0000000040217660                pm_scan_lock
                0x0000000040217688                pm_try_scan_unlock
                0x00000000402176a0                pm_force_scan_unlock
                0x000000004021771c                pm_scan_unlocked
                0x0000000040217730                pm_allow_tx
                0x000000004021774c                pm_assoc_parse
                0x0000000040217764                pm_set_addr
                0x0000000040217784                pm_sleep_for
                0x00000000402177b4                pm_post
                0x00000000402178b8                pm_get_idle_wait_time
 *fill*         0x00000000402178f9        0x3 
 .irom0.text    0x00000000402178fc      0xa71 /opt/esp-open-sdk//sdk/lib/libpp.a(pm_for_bcn_only_mode.o)
                                        0xdf5 (size before relaxing)
                0x0000000040217910                wifi_fpm_set_sleep_type
                0x0000000040217910                fpm_set_type_from_upper
                0x00000000402179cc                wifi_fpm_get_sleep_type
                0x00000000402179cc                fpm_get_slp_type
                0x00000000402179d4                fpm_rf_is_closed
                0x00000000402179e8                fpm_is_open
                0x00000000402179f4                fpm_allow_tx
                0x0000000040217a18                wifi_fpm_close
                0x0000000040217a18                fpm_close
                0x0000000040217a94                wifi_fpm_open
                0x0000000040217a94                fpm_open
                0x0000000040217afc                fpm_attach
                0x0000000040217e30                wifi_fpm_do_wakeup
                0x0000000040217e30                fpm_do_wakeup
                0x00000000402182f4                fpm_do_sleep
                0x00000000402182f4                wifi_fpm_do_sleep
 *fill*         0x000000004021836d        0x3 
 .irom0.text    0x0000000040218370     0x1486 /opt/esp-open-sdk//sdk/lib/libpp.a(pp.o)
                                       0x182e (size before relaxing)
                0x000000004021837c                PPWdtReset
                0x00000000402183b0                pp_soft_wdt_init
                0x00000000402183d0                system_soft_wdt_feed
                0x00000000402183d0                pp_soft_wdt_feed
                0x00000000402183ec                pp_soft_wdt_stop
                0x00000000402183ec                system_soft_wdt_stop
                0x0000000040218418                pp_soft_wdt_restart
                0x0000000040218418                system_soft_wdt_restart
                0x0000000040218450                RxNodeNum
                0x0000000040218468                TxNodeNum
                0x000000004021848c                pp_disable_noise_timer
                0x00000000402184ac                pp_enable_noise_timer
                0x00000000402185bc                pp_noise_test
                0x00000000402185cc                reset_noise_timer
                0x0000000040218604                pp_disable_idle_timer
                0x0000000040218628                pp_enable_idle_timer
                0x0000000040218650                pp_try_enable_idle_timer
                0x000000004021868c                ppPeocessRxPktHdr
                0x00000000402189d4                ppTxPkt
                0x0000000040218ae8                ppProcessWaitQ
                0x0000000040218af8                ppRegisterTxCallback
                0x0000000040218b20                ppUnregisterTxCallback
                0x0000000040218b54                ppRecycleRxPkt
                0x0000000040218bb4                ppCheckTxIdle
                0x0000000040218e2c                pp_tx_idle_timeout
                0x0000000040218fe8                DefFreqCalTimerCB
                0x0000000040219334                ppGetTxQFirstAvail_Locked
                0x0000000040219414                pp_attach
 *fill*         0x00000000402197f6        0x2 
 .irom0.text    0x00000000402197f8      0x296 /opt/esp-open-sdk//sdk/lib/libpp.a(rate_control.o)
                                        0x2a2 (size before relaxing)
                0x0000000040219a44                RC_SetBasicRate
 *fill*         0x0000000040219a8e        0x2 
 .irom0.text    0x0000000040219a90      0x5d9 /opt/esp-open-sdk//sdk/lib/libpp.a(trc.o)
                                        0x63d (size before relaxing)
                0x0000000040219a90                phytype2mode
                0x0000000040219aac                rc_set_rate_limit_id
                0x0000000040219bc8                rcUpdatePhyMode
                0x0000000040219d94                rcAttach
                0x0000000040219de0                rcGetTrc
                0x0000000040219de8                trc_onDisconnect
                0x0000000040219dec                trc_onScanStart
                0x0000000040219e00                trc_onScanDone
                0x0000000040219e1c                rc_enable_trc
                0x0000000040219ee4                rc_get_mask
                0x0000000040219ef8                rc_disable_trc
                0x0000000040219f4c                rc_disable_trc_by_interface
                0x0000000040219f68                rc_get_sta_trc
                0x0000000040219fac                rc_get_trc
                0x000000004021a01c                rc_get_trc_by_index
                0x000000004021a03c                rc_only_sta_trc
 *fill*         0x000000004021a069        0x3 
 .irom0.text    0x000000004021a06c      0xaf7 /opt/esp-open-sdk//sdk/lib/libpp.a(wdev.o)
                                        0xc4f (size before relaxing)
                0x000000004021a078                wDev_Option_Init
                0x000000004021a16c                wDev_Enable_Beacon_Tsf
                0x000000004021a188                wDev_Disable_Beacon_Tsf
                0x000000004021a1a4                wDev_Set_Beacon_Int
                0x000000004021a1ac                wDev_Reset_TBTT
                0x000000004021a1dc                wDev_Get_Next_TBTT
                0x000000004021a458                wDev_Initialize
                0x000000004021a4c8                wDevForceAck6M
                0x000000004021a4e4                wDev_SetMacAddress
                0x000000004021a580                wDev_SetRxPolicy
                0x000000004021a5d4                wDev_SetBssid
                0x000000004021a6ac                wDev_ClearBssid
                0x000000004021a6e4                wDev_Insert_KeyEntry
                0x000000004021a7d8                wDev_remove_KeyEntry
                0x000000004021a814                wDev_remove_KeyEntry_all_cnx
                0x000000004021a864                wDev_Crypto_Conf
                0x000000004021a900                wDev_Crypto_Disable
                0x000000004021a938                wDevEnableRx
                0x000000004021a960                wdev_go_sniffer
                0x000000004021aa3c                wdev_set_sniffer_addr
                0x000000004021aa94                wdev_exit_sniffer
 *fill*         0x000000004021ab63        0x1 
 .irom0.text    0x000000004021ab64      0x3f3 /opt/esp-open-sdk//sdk/lib/libpp.a(esf_buf.o)
                                        0x4d3 (size before relaxing)
                0x000000004021ab6c                esf_buf_alloc
                0x000000004021ad24                esf_buf_recycle
                0x000000004021ae50                esf_buf_setup
 *fill*         0x000000004021af57        0x1 
 .irom0.text    0x000000004021af58      0x47d /opt/esp-open-sdk//sdk/lib/libnet80211.a(ieee80211.o)
                                        0x54d (size before relaxing)
                0x000000004021afdc                ieee80211_rate_ref_init
                0x000000004021aff8                ieee80211_freedom_inside_cb
                0x000000004021b028                ieee80211_freedom_init
                0x000000004021b04c                ieee80211_user_ie_init
                0x000000004021b068                ieee80211_ifattach
                0x000000004021b0cc                ieee80211_mhz2ieee
                0x000000004021b128                ieee80211_chan2ieee
                0x000000004021b144                ieee80211_ieee2mhz
                0x000000004021b184                ieee80211_find_channel
                0x000000004021b1b0                ieee80211_find_channel_byieee
                0x000000004021b200                wifi_mode_set
 *fill*         0x000000004021b3d5        0x3 
 .irom0.text    0x000000004021b3d8       0xcf /opt/esp-open-sdk//sdk/lib/libnet80211.a(ieee80211_crypto.o)
                                         0xd7 (size before relaxing)
                0x000000004021b3d8                ieee80211_crypto_attach
                0x000000004021b3dc                ieee80211_crypto_available
                0x000000004021b3e0                ieee80211_crypto_setkey
                0x000000004021b3e4                ieee80211_crypto_encap
                0x000000004021b43c                ieee80211_crypto_decap
 *fill*         0x000000004021b4a7        0x1 
 .irom0.text    0x000000004021b4a8       0x4c /opt/esp-open-sdk//sdk/lib/libnet80211.a(ieee80211_ets.o)
                                         0x50 (size before relaxing)
                0x000000004021b4ac                ieee80211_getmgtframe
 .irom0.text    0x000000004021b4f4     0x192e /opt/esp-open-sdk//sdk/lib/libnet80211.a(ieee80211_hostap.o)
                                       0x1e66 (size before relaxing)
                0x000000004021bad0                ieee80211_hostap_attach
                0x000000004021bbcc                hostap_handle_timer
                0x000000004021bc64                hostap_input
                0x000000004021cb2c                wifi_softap_start
                0x000000004021cc90                wifi_softap_stop
 *fill*         0x000000004021ce22        0x2 
 .irom0.text    0x000000004021ce24      0xa76 /opt/esp-open-sdk//sdk/lib/libnet80211.a(ieee80211_ht.o)
                                        0xb42 (size before relaxing)
                0x000000004021ce34                ieee80211_ht_attach
                0x000000004021ce84                ieee80211_ht_node_init
                0x000000004021cec4                ieee80211_ht_node_cleanup
                0x000000004021cefc                ieee80211_parse_htcap
                0x000000004021cfe0                ieee80211_ht_updateparams
                0x000000004021d0f4                ieee80211_setup_htrates
                0x000000004021d1c0                ieee80211_setup_basic_htrates
                0x000000004021d504                ieee80211_add_htcap
                0x000000004021d520                ieee80211_add_htcap_vendor
                0x000000004021d644                ieee80211_add_htinfo
                0x000000004021d660                ieee80211_add_htinfo_vendor
 *fill*         0x000000004021d89a        0x2 
 .irom0.text    0x000000004021d89c      0xa8c /opt/esp-open-sdk//sdk/lib/libnet80211.a(ieee80211_input.o)
                                        0xb1c (size before relaxing)
                0x000000004021d89c                ieee80211_deliver_data
                0x000000004021d8f0                ieee80211_decap
                0x000000004021d9f4                ieee80211_setup_rates
                0x000000004021da64                ieee80211_alloc_challenge
                0x000000004021daa0                ieee80211_parse_beacon
                0x000000004021e074                ieee80211_parse_wpa
                0x000000004021e188                ieee80211_parse_rsn
                0x000000004021e288                ieee80211_parse_action
                0x000000004021e324                ieee80211_setup_rateset
 .irom0.text    0x000000004021e328      0x2a6 /opt/esp-open-sdk//sdk/lib/libnet80211.a(ieee80211_mesh_quick.o)
                                        0x302 (size before relaxing)
                0x000000004021e334                ieee80211_mesh_quick_init
                0x000000004021e3a4                ieee80211_mesh_quick_deinit
                0x000000004021e3d4                ieee80211_mesh_quick_set
                0x000000004021e4d0                ieee80211_mesh_quick_get
                0x000000004021e59c                ieee80211_mesh_quick_ie_add
 *fill*         0x000000004021e5ce        0x2 
 .irom0.text    0x000000004021e5d0     0x1c2a /opt/esp-open-sdk//sdk/lib/libnet80211.a(ieee80211_output.o)
                                       0x1fc6 (size before relaxing)